Archive member included to satisfy reference by file (symbol)

c:/st/stm32cubeide_1.11.2/stm32cubeide/plugins/com.st.stm32cube.ide.mcu.externaltools.gnu-tools-for-stm32.10.3-2021.10.win32_1.0.100.202210260954/tools/bin/../lib/gcc/arm-none-eabi/10.3.1/../../../../arm-none-eabi/lib/thumb/v7e-m+fp/hard\libc_nano.a(lib_a-errno.o)
                              ./Core/Src/syscalls.o (__errno)
c:/st/stm32cubeide_1.11.2/stm32cubeide/plugins/com.st.stm32cube.ide.mcu.externaltools.gnu-tools-for-stm32.10.3-2021.10.win32_1.0.100.202210260954/tools/bin/../lib/gcc/arm-none-eabi/10.3.1/../../../../arm-none-eabi/lib/thumb/v7e-m+fp/hard\libc_nano.a(lib_a-exit.o)
                              c:/st/stm32cubeide_1.11.2/stm32cubeide/plugins/com.st.stm32cube.ide.mcu.externaltools.gnu-tools-for-stm32.10.3-2021.10.win32_1.0.100.202210260954/tools/bin/../lib/gcc/arm-none-eabi/10.3.1/../../../../arm-none-eabi/lib/thumb/v7e-m+fp/hard/crt0.o (exit)
c:/st/stm32cubeide_1.11.2/stm32cubeide/plugins/com.st.stm32cube.ide.mcu.externaltools.gnu-tools-for-stm32.10.3-2021.10.win32_1.0.100.202210260954/tools/bin/../lib/gcc/arm-none-eabi/10.3.1/../../../../arm-none-eabi/lib/thumb/v7e-m+fp/hard\libc_nano.a(lib_a-impure.o)
                              c:/st/stm32cubeide_1.11.2/stm32cubeide/plugins/com.st.stm32cube.ide.mcu.externaltools.gnu-tools-for-stm32.10.3-2021.10.win32_1.0.100.202210260954/tools/bin/../lib/gcc/arm-none-eabi/10.3.1/../../../../arm-none-eabi/lib/thumb/v7e-m+fp/hard\libc_nano.a(lib_a-exit.o) (_global_impure_ptr)
c:/st/stm32cubeide_1.11.2/stm32cubeide/plugins/com.st.stm32cube.ide.mcu.externaltools.gnu-tools-for-stm32.10.3-2021.10.win32_1.0.100.202210260954/tools/bin/../lib/gcc/arm-none-eabi/10.3.1/../../../../arm-none-eabi/lib/thumb/v7e-m+fp/hard\libc_nano.a(lib_a-init.o)
                              c:/st/stm32cubeide_1.11.2/stm32cubeide/plugins/com.st.stm32cube.ide.mcu.externaltools.gnu-tools-for-stm32.10.3-2021.10.win32_1.0.100.202210260954/tools/bin/../lib/gcc/arm-none-eabi/10.3.1/../../../../arm-none-eabi/lib/thumb/v7e-m+fp/hard/crt0.o (__libc_init_array)
c:/st/stm32cubeide_1.11.2/stm32cubeide/plugins/com.st.stm32cube.ide.mcu.externaltools.gnu-tools-for-stm32.10.3-2021.10.win32_1.0.100.202210260954/tools/bin/../lib/gcc/arm-none-eabi/10.3.1/../../../../arm-none-eabi/lib/thumb/v7e-m+fp/hard\libc_nano.a(lib_a-memcpy-stub.o)
                              ./USB_DEVICE/App/usbd_cdc_if.o (memcpy)
c:/st/stm32cubeide_1.11.2/stm32cubeide/plugins/com.st.stm32cube.ide.mcu.externaltools.gnu-tools-for-stm32.10.3-2021.10.win32_1.0.100.202210260954/tools/bin/../lib/gcc/arm-none-eabi/10.3.1/../../../../arm-none-eabi/lib/thumb/v7e-m+fp/hard\libc_nano.a(lib_a-memset.o)
                              c:/st/stm32cubeide_1.11.2/stm32cubeide/plugins/com.st.stm32cube.ide.mcu.externaltools.gnu-tools-for-stm32.10.3-2021.10.win32_1.0.100.202210260954/tools/bin/../lib/gcc/arm-none-eabi/10.3.1/../../../../arm-none-eabi/lib/thumb/v7e-m+fp/hard/crt0.o (memset)
c:/st/stm32cubeide_1.11.2/stm32cubeide/plugins/com.st.stm32cube.ide.mcu.externaltools.gnu-tools-for-stm32.10.3-2021.10.win32_1.0.100.202210260954/tools/bin/../lib/gcc/arm-none-eabi/10.3.1/thumb/v7e-m+fp/hard\libgcc.a(_aeabi_uldivmod.o)
                              ./Drivers/STM32F4xx_HAL_Driver/Src/stm32f4xx_hal_rcc.o (__aeabi_uldivmod)
c:/st/stm32cubeide_1.11.2/stm32cubeide/plugins/com.st.stm32cube.ide.mcu.externaltools.gnu-tools-for-stm32.10.3-2021.10.win32_1.0.100.202210260954/tools/bin/../lib/gcc/arm-none-eabi/10.3.1/thumb/v7e-m+fp/hard\libgcc.a(_udivmoddi4.o)
                              c:/st/stm32cubeide_1.11.2/stm32cubeide/plugins/com.st.stm32cube.ide.mcu.externaltools.gnu-tools-for-stm32.10.3-2021.10.win32_1.0.100.202210260954/tools/bin/../lib/gcc/arm-none-eabi/10.3.1/thumb/v7e-m+fp/hard\libgcc.a(_aeabi_uldivmod.o) (__udivmoddi4)
c:/st/stm32cubeide_1.11.2/stm32cubeide/plugins/com.st.stm32cube.ide.mcu.externaltools.gnu-tools-for-stm32.10.3-2021.10.win32_1.0.100.202210260954/tools/bin/../lib/gcc/arm-none-eabi/10.3.1/thumb/v7e-m+fp/hard\libgcc.a(_dvmd_tls.o)
                              c:/st/stm32cubeide_1.11.2/stm32cubeide/plugins/com.st.stm32cube.ide.mcu.externaltools.gnu-tools-for-stm32.10.3-2021.10.win32_1.0.100.202210260954/tools/bin/../lib/gcc/arm-none-eabi/10.3.1/thumb/v7e-m+fp/hard\libgcc.a(_aeabi_uldivmod.o) (__aeabi_ldiv0)

Discarded input sections

 .text          0x0000000000000000        0x0 c:/st/stm32cubeide_1.11.2/stm32cubeide/plugins/com.st.stm32cube.ide.mcu.externaltools.gnu-tools-for-stm32.10.3-2021.10.win32_1.0.100.202210260954/tools/bin/../lib/gcc/arm-none-eabi/10.3.1/thumb/v7e-m+fp/hard/crti.o
 .data          0x0000000000000000        0x0 c:/st/stm32cubeide_1.11.2/stm32cubeide/plugins/com.st.stm32cube.ide.mcu.externaltools.gnu-tools-for-stm32.10.3-2021.10.win32_1.0.100.202210260954/tools/bin/../lib/gcc/arm-none-eabi/10.3.1/thumb/v7e-m+fp/hard/crti.o
[...]
Memory Configuration

Name             Origin             Length             Attributes
RAM              0x0000000020000000 0x0000000000018000 xrw
FLASH            0x0000000008000000 0x0000000000080000 xr
*default*        0x0000000000000000 0xffffffffffffffff

Linker script and memory map

LOAD c:/st/stm32cubeide_1.11.2/stm32cubeide/plugins/com.st.stm32cube.ide.mcu.externaltools.gnu-tools-for-stm32.10.3-2021.10.win32_1.0.100.202210260954/tools/bin/../lib/gcc/arm-none-eabi/10.3.1/thumb/v7e-m+fp/hard/crti.o
LOAD c:/st/stm32cubeide_1.11.2/stm32cubeide/plugins/com.st.stm32cube.ide.mcu.externaltools.gnu-tools-for-stm32.10.3-2021.10.win32_1.0.100.202210260954/tools/bin/../lib/gcc/arm-none-eabi/10.3.1/thumb/v7e-m+fp/hard/crtbegin.o
LOAD c:/st/stm32cubeide_1.11.2/stm32cubeide/plugins/com.st.stm32cube.ide.mcu.externaltools.gnu-tools-for-stm32.10.3-2021.10.win32_1.0.100.202210260954/tools/bin/../lib/gcc/arm-none-eabi/10.3.1/../../../../arm-none-eabi/lib/thumb/v7e-m+fp/hard/crt0.o
LOAD ./Core/Src/init.o
LOAD ./Core/Src/main.o
LOAD ./Core/Src/stm32f4xx_hal_msp.o
LOAD ./Core/Src/stm32f4xx_it.o
LOAD ./Core/Src/syscalls.o
LOAD ./Core/Src/sysmem.o
LOAD ./Core/Src/system_stm32f4xx.o
LOAD ./Core/Startup/startup_stm32f401retx.o
LOAD ./Drivers/STM32F4xx_HAL_Driver/Src/stm32f4xx_hal.o
LOAD ./Drivers/STM32F4xx_HAL_Driver/Src/stm32f4xx_hal_cortex.o
LOAD ./Drivers/STM32F4xx_HAL_Driver/Src/stm32f4xx_hal_dma.o
LOAD ./Drivers/STM32F4xx_HAL_Driver/Src/stm32f4xx_hal_dma_ex.o
LOAD ./Drivers/STM32F4xx_HAL_Driver/Src/stm32f4xx_hal_exti.o
LOAD ./Drivers/STM32F4xx_HAL_Driver/Src/stm32f4xx_hal_flash.o
LOAD ./Drivers/STM32F4xx_HAL_Driver/Src/stm32f4xx_hal_flash_ex.o
LOAD ./Drivers/STM32F4xx_HAL_Driver/Src/stm32f4xx_hal_flash_ramfunc.o
LOAD ./Drivers/STM32F4xx_HAL_Driver/Src/stm32f4xx_hal_gpio.o
LOAD ./Drivers/STM32F4xx_HAL_Driver/Src/stm32f4xx_hal_pcd.o
LOAD ./Drivers/STM32F4xx_HAL_Driver/Src/stm32f4xx_hal_pcd_ex.o
LOAD ./Drivers/STM32F4xx_HAL_Driver/Src/stm32f4xx_hal_pwr.o
LOAD ./Drivers/STM32F4xx_HAL_Driver/Src/stm32f4xx_hal_pwr_ex.o
LOAD ./Drivers/STM32F4xx_HAL_Driver/Src/stm32f4xx_hal_rcc.o
LOAD ./Drivers/STM32F4xx_HAL_Driver/Src/stm32f4xx_hal_rcc_ex.o
LOAD ./Drivers/STM32F4xx_HAL_Driver/Src/stm32f4xx_hal_tim.o
LOAD ./Drivers/STM32F4xx_HAL_Driver/Src/stm32f4xx_hal_tim_ex.o
LOAD ./Drivers/STM32F4xx_HAL_Driver/Src/stm32f4xx_hal_uart.o
LOAD ./Drivers/STM32F4xx_HAL_Driver/Src/stm32f4xx_ll_usb.o
LOAD ./Middlewares/ST/STM32_USB_Device_Library/Class/CDC/Src/usbd_cdc.o
LOAD ./Middlewares/ST/STM32_USB_Device_Library/Core/Src/usbd_core.o
LOAD ./Middlewares/ST/STM32_USB_Device_Library/Core/Src/usbd_ctlreq.o
LOAD ./Middlewares/ST/STM32_USB_Device_Library/Core/Src/usbd_ioreq.o
LOAD ./USB_DEVICE/App/usb_device.o
LOAD ./USB_DEVICE/App/usbd_cdc_if.o
LOAD ./USB_DEVICE/App/usbd_desc.o
LOAD ./USB_DEVICE/Target/usbd_conf.o
START GROUP
LOAD c:/st/stm32cubeide_1.11.2/stm32cubeide/plugins/com.st.stm32cube.ide.mcu.externaltools.gnu-tools-for-stm32.10.3-2021.10.win32_1.0.100.202210260954/tools/bin/../lib/gcc/arm-none-eabi/10.3.1/../../../../arm-none-eabi/lib/thumb/v7e-m+fp/hard\libc_nano.a
LOAD c:/st/stm32cubeide_1.11.2/stm32cubeide/plugins/com.st.stm32cube.ide.mcu.externaltools.gnu-tools-for-stm32.10.3-2021.10.win32_1.0.100.202210260954/tools/bin/../lib/gcc/arm-none-eabi/10.3.1/../../../../arm-none-eabi/lib/thumb/v7e-m+fp/hard\libm.a
END GROUP
START GROUP
LOAD c:/st/stm32cubeide_1.11.2/stm32cubeide/plugins/com.st.stm32cube.ide.mcu.externaltools.gnu-tools-for-stm32.10.3-2021.10.win32_1.0.100.202210260954/tools/bin/../lib/gcc/arm-none-eabi/10.3.1/thumb/v7e-m+fp/hard\libgcc.a
LOAD c:/st/stm32cubeide_1.11.2/stm32cubeide/plugins/com.st.stm32cube.ide.mcu.externaltools.gnu-tools-for-stm32.10.3-2021.10.win32_1.0.100.202210260954/tools/bin/../lib/gcc/arm-none-eabi/10.3.1/../../../../arm-none-eabi/lib/thumb/v7e-m+fp/hard\libc_nano.a
END GROUP
START GROUP
LOAD c:/st/stm32cubeide_1.11.2/stm32cubeide/plugins/com.st.stm32cube.ide.mcu.externaltools.gnu-tools-for-stm32.10.3-2021.10.win32_1.0.100.202210260954/tools/bin/../lib/gcc/arm-none-eabi/10.3.1/thumb/v7e-m+fp/hard\libgcc.a
LOAD c:/st/stm32cubeide_1.11.2/stm32cubeide/plugins/com.st.stm32cube.ide.mcu.externaltools.gnu-tools-for-stm32.10.3-2021.10.win32_1.0.100.202210260954/tools/bin/../lib/gcc/arm-none-eabi/10.3.1/../../../../arm-none-eabi/lib/thumb/v7e-m+fp/hard\libc_nano.a
LOAD c:/st/stm32cubeide_1.11.2/stm32cubeide/plugins/com.st.stm32cube.ide.mcu.externaltools.gnu-tools-for-stm32.10.3-2021.10.win32_1.0.100.202210260954/tools/bin/../lib/gcc/arm-none-eabi/10.3.1/../../../../arm-none-eabi/lib/thumb/v7e-m+fp/hard\libnosys.a
END GROUP
START GROUP
LOAD c:/st/stm32cubeide_1.11.2/stm32cubeide/plugins/com.st.stm32cube.ide.mcu.externaltools.gnu-tools-for-stm32.10.3-2021.10.win32_1.0.100.202210260954/tools/bin/../lib/gcc/arm-none-eabi/10.3.1/thumb/v7e-m+fp/hard\libgcc.a
LOAD c:/st/stm32cubeide_1.11.2/stm32cubeide/plugins/com.st.stm32cube.ide.mcu.externaltools.gnu-tools-for-stm32.10.3-2021.10.win32_1.0.100.202210260954/tools/bin/../lib/gcc/arm-none-eabi/10.3.1/../../../../arm-none-eabi/lib/thumb/v7e-m+fp/hard\libc_nano.a
LOAD c:/st/stm32cubeide_1.11.2/stm32cubeide/plugins/com.st.stm32cube.ide.mcu.externaltools.gnu-tools-for-stm32.10.3-2021.10.win32_1.0.100.202210260954/tools/bin/../lib/gcc/arm-none-eabi/10.3.1/../../../../arm-none-eabi/lib/thumb/v7e-m+fp/hard\libnosys.a
END GROUP
LOAD c:/st/stm32cubeide_1.11.2/stm32cubeide/plugins/com.st.stm32cube.ide.mcu.externaltools.gnu-tools-for-stm32.10.3-2021.10.win32_1.0.100.202210260954/tools/bin/../lib/gcc/arm-none-eabi/10.3.1/thumb/v7e-m+fp/hard/crtend.o
LOAD c:/st/stm32cubeide_1.11.2/stm32cubeide/plugins/com.st.stm32cube.ide.mcu.externaltools.gnu-tools-for-stm32.10.3-2021.10.win32_1.0.100.202210260954/tools/bin/../lib/gcc/arm-none-eabi/10.3.1/thumb/v7e-m+fp/hard/crtn.o
                0x0000000020018000                _estack = (ORIGIN (RAM) + LENGTH (RAM))
                0x0000000000000200                _Min_Heap_Size = 0x200
                0x0000000000000400                _Min_Stack_Size = 0x400

.isr_vector     0x0000000008000000      0x194
                0x0000000008000000                . = ALIGN (0x4)
 *(.isr_vector)
 .isr_vector    0x0000000008000000      0x194 ./Core/Startup/startup_stm32f401retx.o
                0x0000000008000000                g_pfnVectors
                0x0000000008000194                . = ALIGN (0x4)

.text           0x0000000008000194     0x7514
                0x0000000008000194                . = ALIGN (0x4)
 *(.text)
 .text          0x0000000008000194       0x40 c:/st/stm32cubeide_1.11.2/stm32cubeide/plugins/com.st.stm32cube.ide.mcu.externaltools.gnu-tools-for-stm32.10.3-2021.10.win32_1.0.100.202210260954/tools/bin/../lib/gcc/arm-none-eabi/10.3.1/thumb/v7e-m+fp/hard/crtbegin.o
 .text          0x00000000080001d4       0x30 c:/st/stm32cubeide_1.11.2/stm32cubeide/plugins/com.st.stm32cube.ide.mcu.externaltools.gnu-tools-for-stm32.10.3-2021.10.win32_1.0.100.202210260954/tools/bin/../lib/gcc/arm-none-eabi/10.3.1/thumb/v7e-m+fp/hard\libgcc.a(_aeabi_uldivmod.o)
                0x00000000080001d4                __aeabi_uldivmod
 .text          0x0000000008000204      0x2d0 c:/st/stm32cubeide_1.11.2/stm32cubeide/plugins/com.st.stm32cube.ide.mcu.externaltools.gnu-tools-for-stm32.10.3-2021.10.win32_1.0.100.202210260954/tools/bin/../lib/gcc/arm-none-eabi/10.3.1/thumb/v7e-m+fp/hard\libgcc.a(_udivmoddi4.o)
                0x0000000008000204                __udivmoddi4
 .text          0x00000000080004d4        0x4 c:/st/stm32cubeide_1.11.2/stm32cubeide/plugins/com.st.stm32cube.ide.mcu.externaltools.gnu-tools-for-stm32.10.3-2021.10.win32_1.0.100.202210260954/tools/bin/../lib/gcc/arm-none-eabi/10.3.1/thumb/v7e-m+fp/hard\libgcc.a(_dvmd_tls.o)
                0x00000000080004d4                __aeabi_idiv0
                0x00000000080004d4                __aeabi_ldiv0
 *(.text*)
 .text.fromhere
                0x00000000080004d8       0x54 ./Core/Src/main.o
                0x00000000080004d8                fromhere
 .text.SystemClock_Config
                0x000000000800052c       0xd8 ./Core/Src/main.o
                0x000000000800052c                SystemClock_Config
 .text.MX_USART2_UART_Init
                0x0000000008000604       0x54 ./Core/Src/main.o
 .text.MX_GPIO_Init
                0x0000000008000658       0xdc ./Core/Src/main.o
 .text.UsbRxCb  0x0000000008000734       0x20 ./Core/Src/main.o
 .text.Error_Handler
                0x0000000008000754        0xa ./Core/Src/main.o
                0x0000000008000754                Error_Handler
 *fill*         0x000000000800075e        0x2 
 .text.HAL_MspInit
                0x0000000008000760       0x50 ./Core/Src/stm32f4xx_hal_msp.o
                0x0000000008000760                HAL_MspInit
 .text.HAL_UART_MspInit
                0x00000000080007b0       0x90 ./Core/Src/stm32f4xx_hal_msp.o
                0x00000000080007b0                HAL_UART_MspInit
 .text.NMI_Handler
                0x0000000008000840        0x6 ./Core/Src/stm32f4xx_it.o
                0x0000000008000840                NMI_Handler
 .text.HardFault_Handler
                0x0000000008000846        0x6 ./Core/Src/stm32f4xx_it.o
                0x0000000008000846                HardFault_Handler
 .text.MemManage_Handler
                0x000000000800084c        0x6 ./Core/Src/stm32f4xx_it.o
                0x000000000800084c                MemManage_Handler
 .text.BusFault_Handler
                0x0000000008000852        0x6 ./Core/Src/stm32f4xx_it.o
                0x0000000008000852                BusFault_Handler
 .text.UsageFault_Handler
                0x0000000008000858        0x6 ./Core/Src/stm32f4xx_it.o
                0x0000000008000858                UsageFault_Handler
 .text.SVC_Handler
                0x000000000800085e        0xe ./Core/Src/stm32f4xx_it.o
                0x000000000800085e                SVC_Handler
 .text.DebugMon_Handler
                0x000000000800086c        0xe ./Core/Src/stm32f4xx_it.o
                0x000000000800086c                DebugMon_Handler
 .text.PendSV_Handler
                0x000000000800087a        0xe ./Core/Src/stm32f4xx_it.o
                0x000000000800087a                PendSV_Handler
 .text.SysTick_Handler
                0x0000000008000888        0xc ./Core/Src/stm32f4xx_it.o
                0x0000000008000888                SysTick_Handler
 .text.OTG_FS_IRQHandler
                0x0000000008000894       0x14 ./Core/Src/stm32f4xx_it.o
                0x0000000008000894                OTG_FS_IRQHandler
 .text.SystemInit
                0x00000000080008a8       0x24 ./Core/Src/system_stm32f4xx.o
                0x00000000080008a8                SystemInit
 .text.Reset_Handler
                0x00000000080008cc       0x50 ./Core/Startup/startup_stm32f401retx.o
                0x00000000080008cc                Reset_Handler
 .text.Default_Handler
                0x000000000800091c        0x2 ./Core/Startup/startup_stm32f401retx.o
                0x000000000800091c                RTC_Alarm_IRQHandler
                0x000000000800091c                EXTI2_IRQHandler
                0x000000000800091c                SPI4_IRQHandler
                0x000000000800091c                TIM1_CC_IRQHandler
                0x000000000800091c                DMA2_Stream5_IRQHandler
                0x000000000800091c                DMA1_Stream5_IRQHandler
                0x000000000800091c                PVD_IRQHandler
                0x000000000800091c                SDIO_IRQHandler
                0x000000000800091c                TAMP_STAMP_IRQHandler
                0x000000000800091c                EXTI3_IRQHandler
                0x000000000800091c                TIM1_UP_TIM10_IRQHandler
                0x000000000800091c                I2C3_ER_IRQHandler
                0x000000000800091c                EXTI0_IRQHandler
                0x000000000800091c                I2C2_EV_IRQHandler
                0x000000000800091c                DMA1_Stream2_IRQHandler
                0x000000000800091c                FPU_IRQHandler
                0x000000000800091c                DMA2_Stream2_IRQHandler
                0x000000000800091c                SPI1_IRQHandler
                0x000000000800091c                TIM1_BRK_TIM9_IRQHandler
                0x000000000800091c                DMA2_Stream3_IRQHandler
                0x000000000800091c                USART6_IRQHandler
                0x000000000800091c                DMA2_Stream0_IRQHandler
                0x000000000800091c                TIM4_IRQHandler
                0x000000000800091c                I2C1_EV_IRQHandler
                0x000000000800091c                DMA1_Stream6_IRQHandler
                0x000000000800091c                DMA1_Stream1_IRQHandler
                0x000000000800091c                TIM3_IRQHandler
                0x000000000800091c                RCC_IRQHandler
                0x000000000800091c                Default_Handler
                0x000000000800091c                EXTI15_10_IRQHandler
                0x000000000800091c                ADC_IRQHandler
                0x000000000800091c                DMA1_Stream7_IRQHandler
                0x000000000800091c                TIM5_IRQHandler
                0x000000000800091c                DMA2_Stream7_IRQHandler
                0x000000000800091c                I2C3_EV_IRQHandler
                0x000000000800091c                EXTI9_5_IRQHandler
                0x000000000800091c                RTC_WKUP_IRQHandler
                0x000000000800091c                SPI2_IRQHandler
                0x000000000800091c                DMA1_Stream0_IRQHandler
                0x000000000800091c                EXTI4_IRQHandler
                0x000000000800091c                WWDG_IRQHandler
                0x000000000800091c                TIM2_IRQHandler
                0x000000000800091c                OTG_FS_WKUP_IRQHandler
                0x000000000800091c                TIM1_TRG_COM_TIM11_IRQHandler
                0x000000000800091c                EXTI1_IRQHandler
                0x000000000800091c                USART2_IRQHandler
                0x000000000800091c                I2C2_ER_IRQHandler
                0x000000000800091c                DMA2_Stream1_IRQHandler
                0x000000000800091c                FLASH_IRQHandler
                0x000000000800091c                DMA2_Stream4_IRQHandler
                0x000000000800091c                USART1_IRQHandler
                0x000000000800091c                SPI3_IRQHandler
                0x000000000800091c                DMA1_Stream4_IRQHandler
                0x000000000800091c                I2C1_ER_IRQHandler
                0x000000000800091c                DMA2_Stream6_IRQHandler
                0x000000000800091c                DMA1_Stream3_IRQHandler
 *fill*         0x000000000800091e        0x2 
 .text.HAL_Init
                0x0000000008000920       0x44 ./Drivers/STM32F4xx_HAL_Driver/Src/stm32f4xx_hal.o
                0x0000000008000920                HAL_Init
 .text.HAL_InitTick
                0x0000000008000964       0x60 ./Drivers/STM32F4xx_HAL_Driver/Src/stm32f4xx_hal.o
                0x0000000008000964                HAL_InitTick
 .text.HAL_IncTick
                0x00000000080009c4       0x28 ./Drivers/STM32F4xx_HAL_Driver/Src/stm32f4xx_hal.o
                0x00000000080009c4                HAL_IncTick
 .text.HAL_GetTick
                0x00000000080009ec       0x18 ./Drivers/STM32F4xx_HAL_Driver/Src/stm32f4xx_hal.o
                0x00000000080009ec                HAL_GetTick
 .text.HAL_Delay
                0x0000000008000a04       0x48 ./Drivers/STM32F4xx_HAL_Driver/Src/stm32f4xx_hal.o
                0x0000000008000a04                HAL_Delay
 .text.__NVIC_SetPriorityGrouping
                0x0000000008000a4c       0x48 ./Drivers/STM32F4xx_HAL_Driver/Src/stm32f4xx_hal_cortex.o
 .text.__NVIC_GetPriorityGrouping
                0x0000000008000a94       0x1c ./Drivers/STM32F4xx_HAL_Driver/Src/stm32f4xx_hal_cortex.o
 .text.__NVIC_EnableIRQ
                0x0000000008000ab0       0x3c ./Drivers/STM32F4xx_HAL_Driver/Src/stm32f4xx_hal_cortex.o
 .text.__NVIC_SetPriority
                0x0000000008000aec       0x54 ./Drivers/STM32F4xx_HAL_Driver/Src/stm32f4xx_hal_cortex.o
 .text.NVIC_EncodePriority
                0x0000000008000b40       0x66 ./Drivers/STM32F4xx_HAL_Driver/Src/stm32f4xx_hal_cortex.o
 *fill*         0x0000000008000ba6        0x2 
 .text.SysTick_Config
                0x0000000008000ba8       0x44 ./Drivers/STM32F4xx_HAL_Driver/Src/stm32f4xx_hal_cortex.o
 .text.HAL_NVIC_SetPriorityGrouping
                0x0000000008000bec       0x16 ./Drivers/STM32F4xx_HAL_Driver/Src/stm32f4xx_hal_cortex.o
                0x0000000008000bec                HAL_NVIC_SetPriorityGrouping
 .text.HAL_NVIC_SetPriority
                0x0000000008000c02       0x38 ./Drivers/STM32F4xx_HAL_Driver/Src/stm32f4xx_hal_cortex.o
                0x0000000008000c02                HAL_NVIC_SetPriority
 .text.HAL_NVIC_EnableIRQ
                0x0000000008000c3a       0x1c ./Drivers/STM32F4xx_HAL_Driver/Src/stm32f4xx_hal_cortex.o
                0x0000000008000c3a                HAL_NVIC_EnableIRQ
 .text.HAL_SYSTICK_Config
                0x0000000008000c56       0x18 ./Drivers/STM32F4xx_HAL_Driver/Src/stm32f4xx_hal_cortex.o
                0x0000000008000c56                HAL_SYSTICK_Config
 *fill*         0x0000000008000c6e        0x2 
 .text.HAL_GPIO_Init
                0x0000000008000c70      0x308 ./Drivers/STM32F4xx_HAL_Driver/Src/stm32f4xx_hal_gpio.o
                0x0000000008000c70                HAL_GPIO_Init
 .text.HAL_GPIO_WritePin
                0x0000000008000f78       0x32 ./Drivers/STM32F4xx_HAL_Driver/Src/stm32f4xx_hal_gpio.o
                0x0000000008000f78                HAL_GPIO_WritePin
 .text.HAL_PCD_Init
                0x0000000008000faa      0x23a ./Drivers/STM32F4xx_HAL_Driver/Src/stm32f4xx_hal_pcd.o
                0x0000000008000faa                HAL_PCD_Init
 .text.HAL_PCD_Start
                0x00000000080011e4       0x66 ./Drivers/STM32F4xx_HAL_Driver/Src/stm32f4xx_hal_pcd.o
                0x00000000080011e4                HAL_PCD_Start
 .text.HAL_PCD_IRQHandler
                0x000000000800124a      0x93e ./Drivers/STM32F4xx_HAL_Driver/Src/stm32f4xx_hal_pcd.o
                0x000000000800124a                HAL_PCD_IRQHandler
 .text.HAL_PCD_SetAddress
                0x0000000008001b88       0x4a ./Drivers/STM32F4xx_HAL_Driver/Src/stm32f4xx_hal_pcd.o
                0x0000000008001b88                HAL_PCD_SetAddress
 .text.HAL_PCD_EP_Open
                0x0000000008001bd2       0xd0 ./Drivers/STM32F4xx_HAL_Driver/Src/stm32f4xx_hal_pcd.o
                0x0000000008001bd2                HAL_PCD_EP_Open
 .text.HAL_PCD_EP_Close
                0x0000000008001ca2       0x94 ./Drivers/STM32F4xx_HAL_Driver/Src/stm32f4xx_hal_pcd.o
                0x0000000008001ca2                HAL_PCD_EP_Close
 .text.HAL_PCD_EP_Receive
                0x0000000008001d36       0x96 ./Drivers/STM32F4xx_HAL_Driver/Src/stm32f4xx_hal_pcd.o
                0x0000000008001d36                HAL_PCD_EP_Receive
 .text.HAL_PCD_EP_GetRxCount
                0x0000000008001dcc       0x30 ./Drivers/STM32F4xx_HAL_Driver/Src/stm32f4xx_hal_pcd.o
                0x0000000008001dcc                HAL_PCD_EP_GetRxCount
 .text.HAL_PCD_EP_Transmit
                0x0000000008001dfc       0x94 ./Drivers/STM32F4xx_HAL_Driver/Src/stm32f4xx_hal_pcd.o
                0x0000000008001dfc                HAL_PCD_EP_Transmit
 .text.HAL_PCD_EP_SetStall
                0x0000000008001e90       0xc8 ./Drivers/STM32F4xx_HAL_Driver/Src/stm32f4xx_hal_pcd.o
                0x0000000008001e90                HAL_PCD_EP_SetStall
 .text.HAL_PCD_EP_ClrStall
                0x0000000008001f58       0xac ./Drivers/STM32F4xx_HAL_Driver/Src/stm32f4xx_hal_pcd.o
                0x0000000008001f58                HAL_PCD_EP_ClrStall
 .text.HAL_PCD_EP_Abort
                0x0000000008002004       0x62 ./Drivers/STM32F4xx_HAL_Driver/Src/stm32f4xx_hal_pcd.o
                0x0000000008002004                HAL_PCD_EP_Abort
 .text.PCD_WriteEmptyTxFifo
                0x0000000008002066      0x11a ./Drivers/STM32F4xx_HAL_Driver/Src/stm32f4xx_hal_pcd.o
 .text.PCD_EP_OutXfrComplete_int
                0x0000000008002180      0x1d0 ./Drivers/STM32F4xx_HAL_Driver/Src/stm32f4xx_hal_pcd.o
 .text.PCD_EP_OutSetupPacket_int
                0x0000000008002350       0x8c ./Drivers/STM32F4xx_HAL_Driver/Src/stm32f4xx_hal_pcd.o
 .text.HAL_PCDEx_SetTxFiFo
                0x00000000080023dc       0x8e ./Drivers/STM32F4xx_HAL_Driver/Src/stm32f4xx_hal_pcd_ex.o
                0x00000000080023dc                HAL_PCDEx_SetTxFiFo
 .text.HAL_PCDEx_SetRxFiFo
                0x000000000800246a       0x22 ./Drivers/STM32F4xx_HAL_Driver/Src/stm32f4xx_hal_pcd_ex.o
                0x000000000800246a                HAL_PCDEx_SetRxFiFo
 .text.HAL_PCDEx_LPM_Callback
                0x000000000800248c       0x18 ./Drivers/STM32F4xx_HAL_Driver/Src/stm32f4xx_hal_pcd_ex.o
                0x000000000800248c                HAL_PCDEx_LPM_Callback
 .text.HAL_RCC_OscConfig
                0x00000000080024a4      0x4f0 ./Drivers/STM32F4xx_HAL_Driver/Src/stm32f4xx_hal_rcc.o
                0x00000000080024a4                HAL_RCC_OscConfig
 .text.HAL_RCC_ClockConfig
                0x0000000008002994      0x1cc ./Drivers/STM32F4xx_HAL_Driver/Src/stm32f4xx_hal_rcc.o
                0x0000000008002994                HAL_RCC_ClockConfig
 .text.HAL_RCC_GetSysClockFreq
                0x0000000008002b60      0x20c ./Drivers/STM32F4xx_HAL_Driver/Src/stm32f4xx_hal_rcc.o
                0x0000000008002b60                HAL_RCC_GetSysClockFreq
 .text.HAL_RCC_GetHCLKFreq
                0x0000000008002d6c       0x18 ./Drivers/STM32F4xx_HAL_Driver/Src/stm32f4xx_hal_rcc.o
                0x0000000008002d6c                HAL_RCC_GetHCLKFreq
 .text.HAL_RCC_GetPCLK1Freq
                0x0000000008002d84       0x28 ./Drivers/STM32F4xx_HAL_Driver/Src/stm32f4xx_hal_rcc.o
                0x0000000008002d84                HAL_RCC_GetPCLK1Freq
 .text.HAL_RCC_GetPCLK2Freq
                0x0000000008002dac       0x28 ./Drivers/STM32F4xx_HAL_Driver/Src/stm32f4xx_hal_rcc.o
                0x0000000008002dac                HAL_RCC_GetPCLK2Freq
 .text.HAL_UART_Init
                0x0000000008002dd4       0x9a ./Drivers/STM32F4xx_HAL_Driver/Src/stm32f4xx_hal_uart.o
                0x0000000008002dd4                HAL_UART_Init
 *fill*         0x0000000008002e6e        0x2 
 .text.UART_SetConfig
                0x0000000008002e70      0x4e8 ./Drivers/STM32F4xx_HAL_Driver/Src/stm32f4xx_hal_uart.o
 .text.USB_CoreInit
                0x0000000008003358       0xc2 ./Drivers/STM32F4xx_HAL_Driver/Src/stm32f4xx_ll_usb.o
                0x0000000008003358                USB_CoreInit
 *fill*         0x000000000800341a        0x2 
 .text.USB_SetTurnaroundTime
                0x000000000800341c      0x144 ./Drivers/STM32F4xx_HAL_Driver/Src/stm32f4xx_ll_usb.o
                0x000000000800341c                USB_SetTurnaroundTime
 .text.USB_EnableGlobalInt
                0x0000000008003560       0x22 ./Drivers/STM32F4xx_HAL_Driver/Src/stm32f4xx_ll_usb.o
                0x0000000008003560                USB_EnableGlobalInt
 .text.USB_DisableGlobalInt
                0x0000000008003582       0x22 ./Drivers/STM32F4xx_HAL_Driver/Src/stm32f4xx_ll_usb.o
                0x0000000008003582                USB_DisableGlobalInt
 .text.USB_SetCurrentMode
                0x00000000080035a4       0x98 ./Drivers/STM32F4xx_HAL_Driver/Src/stm32f4xx_ll_usb.o
                0x00000000080035a4                USB_SetCurrentMode
 .text.USB_DevInit
                0x000000000800363c      0x2c8 ./Drivers/STM32F4xx_HAL_Driver/Src/stm32f4xx_ll_usb.o
                0x000000000800363c                USB_DevInit
 .text.USB_FlushTxFifo
                0x0000000008003904       0x68 ./Drivers/STM32F4xx_HAL_Driver/Src/stm32f4xx_ll_usb.o
                0x0000000008003904                USB_FlushTxFifo
 .text.USB_FlushRxFifo
                0x000000000800396c       0x60 ./Drivers/STM32F4xx_HAL_Driver/Src/stm32f4xx_ll_usb.o
                0x000000000800396c                USB_FlushRxFifo
 .text.USB_SetDevSpeed
                0x00000000080039cc       0x32 ./Drivers/STM32F4xx_HAL_Driver/Src/stm32f4xx_ll_usb.o
                0x00000000080039cc                USB_SetDevSpeed
 .text.USB_GetDevSpeed
                0x00000000080039fe       0x4a ./Drivers/STM32F4xx_HAL_Driver/Src/stm32f4xx_ll_usb.o
                0x00000000080039fe                USB_GetDevSpeed
 .text.USB_ActivateEndpoint
                0x0000000008003a48      0x10e ./Drivers/STM32F4xx_HAL_Driver/Src/stm32f4xx_ll_usb.o
                0x0000000008003a48                USB_ActivateEndpoint
 *fill*         0x0000000008003b56        0x2 
 .text.USB_DeactivateEndpoint
                0x0000000008003b58      0x1b8 ./Drivers/STM32F4xx_HAL_Driver/Src/stm32f4xx_ll_usb.o
                0x0000000008003b58                USB_DeactivateEndpoint
 .text.USB_EPStartXfer
                0x0000000008003d10      0x490 ./Drivers/STM32F4xx_HAL_Driver/Src/stm32f4xx_ll_usb.o
                0x0000000008003d10                USB_EPStartXfer
 .text.USB_EP0StartXfer
                0x00000000080041a0      0x2b0 ./Drivers/STM32F4xx_HAL_Driver/Src/stm32f4xx_ll_usb.o
                0x00000000080041a0                USB_EP0StartXfer
 .text.USB_EPStopXfer
                0x0000000008004450      0x154 ./Drivers/STM32F4xx_HAL_Driver/Src/stm32f4xx_ll_usb.o
                0x0000000008004450                USB_EPStopXfer
 .text.USB_WritePacket
                0x00000000080045a4       0x7c ./Drivers/STM32F4xx_HAL_Driver/Src/stm32f4xx_ll_usb.o
                0x00000000080045a4                USB_WritePacket
 .text.USB_ReadPacket
                0x0000000008004620       0xb0 ./Drivers/STM32F4xx_HAL_Driver/Src/stm32f4xx_ll_usb.o
                0x0000000008004620                USB_ReadPacket
 .text.USB_EPSetStall
                0x00000000080046d0       0xdc ./Drivers/STM32F4xx_HAL_Driver/Src/stm32f4xx_ll_usb.o
                0x00000000080046d0                USB_EPSetStall
 .text.USB_EPClearStall
                0x00000000080047ac       0xcc ./Drivers/STM32F4xx_HAL_Driver/Src/stm32f4xx_ll_usb.o
                0x00000000080047ac                USB_EPClearStall
 .text.USB_SetDevAddress
                0x0000000008004878       0x4c ./Drivers/STM32F4xx_HAL_Driver/Src/stm32f4xx_ll_usb.o
                0x0000000008004878                USB_SetDevAddress
 .text.USB_DevConnect
                0x00000000080048c4       0x42 ./Drivers/STM32F4xx_HAL_Driver/Src/stm32f4xx_ll_usb.o
                0x00000000080048c4                USB_DevConnect
 .text.USB_DevDisconnect
                0x0000000008004906       0x42 ./Drivers/STM32F4xx_HAL_Driver/Src/stm32f4xx_ll_usb.o
                0x0000000008004906                USB_DevDisconnect
 .text.USB_ReadInterrupts
                0x0000000008004948       0x26 ./Drivers/STM32F4xx_HAL_Driver/Src/stm32f4xx_ll_usb.o
                0x0000000008004948                USB_ReadInterrupts
 .text.USB_ReadDevAllOutEpInterrupt
                0x000000000800496e       0x34 ./Drivers/STM32F4xx_HAL_Driver/Src/stm32f4xx_ll_usb.o
                0x000000000800496e                USB_ReadDevAllOutEpInterrupt
 .text.USB_ReadDevAllInEpInterrupt
                0x00000000080049a2       0x34 ./Drivers/STM32F4xx_HAL_Driver/Src/stm32f4xx_ll_usb.o
                0x00000000080049a2                USB_ReadDevAllInEpInterrupt
 .text.USB_ReadDevOutEPInterrupt
                0x00000000080049d6       0x3c ./Drivers/STM32F4xx_HAL_Driver/Src/stm32f4xx_ll_usb.o
                0x00000000080049d6                USB_ReadDevOutEPInterrupt
 .text.USB_ReadDevInEPInterrupt
                0x0000000008004a12       0x5c ./Drivers/STM32F4xx_HAL_Driver/Src/stm32f4xx_ll_usb.o
                0x0000000008004a12                USB_ReadDevInEPInterrupt
 .text.USB_GetMode
                0x0000000008004a6e       0x1c ./Drivers/STM32F4xx_HAL_Driver/Src/stm32f4xx_ll_usb.o
                0x0000000008004a6e                USB_GetMode
 .text.USB_ActivateSetup
                0x0000000008004a8a       0x46 ./Drivers/STM32F4xx_HAL_Driver/Src/stm32f4xx_ll_usb.o
                0x0000000008004a8a                USB_ActivateSetup
 .text.USB_EP0_OutStart
                0x0000000008004ad0       0xbc ./Drivers/STM32F4xx_HAL_Driver/Src/stm32f4xx_ll_usb.o
                0x0000000008004ad0                USB_EP0_OutStart
 .text.USB_CoreReset
                0x0000000008004b8c       0x68 ./Drivers/STM32F4xx_HAL_Driver/Src/stm32f4xx_ll_usb.o
 .text.USBD_CDC_Init
                0x0000000008004bf4      0x1f0 ./Middlewares/ST/STM32_USB_Device_Library/Class/CDC/Src/usbd_cdc.o
 .text.USBD_CDC_DeInit
                0x0000000008004de4      0x104 ./Middlewares/ST/STM32_USB_Device_Library/Class/CDC/Src/usbd_cdc.o
 .text.USBD_CDC_Setup
                0x0000000008004ee8      0x1b8 ./Middlewares/ST/STM32_USB_Device_Library/Class/CDC/Src/usbd_cdc.o
 .text.USBD_CDC_DataIn
                0x00000000080050a0       0xfe ./Middlewares/ST/STM32_USB_Device_Library/Class/CDC/Src/usbd_cdc.o
 .text.USBD_CDC_DataOut
                0x000000000800519e       0x70 ./Middlewares/ST/STM32_USB_Device_Library/Class/CDC/Src/usbd_cdc.o
 .text.USBD_CDC_EP0_RxReady
                0x000000000800520e       0x76 ./Middlewares/ST/STM32_USB_Device_Library/Class/CDC/Src/usbd_cdc.o
 .text.USBD_CDC_GetFSCfgDesc
                0x0000000008005284       0x70 ./Middlewares/ST/STM32_USB_Device_Library/Class/CDC/Src/usbd_cdc.o
 .text.USBD_CDC_GetHSCfgDesc
                0x00000000080052f4       0x70 ./Middlewares/ST/STM32_USB_Device_Library/Class/CDC/Src/usbd_cdc.o
 .text.USBD_CDC_GetOtherSpeedCfgDesc
                0x0000000008005364       0x70 ./Middlewares/ST/STM32_USB_Device_Library/Class/CDC/Src/usbd_cdc.o
 .text.USBD_CDC_GetDeviceQualifierDescriptor
                0x00000000080053d4       0x20 ./Middlewares/ST/STM32_USB_Device_Library/Class/CDC/Src/usbd_cdc.o
                0x00000000080053d4                USBD_CDC_GetDeviceQualifierDescriptor
 .text.USBD_CDC_RegisterInterface
                0x00000000080053f4       0x34 ./Middlewares/ST/STM32_USB_Device_Library/Class/CDC/Src/usbd_cdc.o
                0x00000000080053f4                USBD_CDC_RegisterInterface
 .text.USBD_CDC_SetTxBuffer
                0x0000000008005428       0x44 ./Middlewares/ST/STM32_USB_Device_Library/Class/CDC/Src/usbd_cdc.o
                0x0000000008005428                USBD_CDC_SetTxBuffer
 .text.USBD_CDC_SetRxBuffer
                0x000000000800546c       0x3a ./Middlewares/ST/STM32_USB_Device_Library/Class/CDC/Src/usbd_cdc.o
                0x000000000800546c                USBD_CDC_SetRxBuffer
 *fill*         0x00000000080054a6        0x2 
 .text.USBD_CDC_TransmitPacket
                0x00000000080054a8       0x8c ./Middlewares/ST/STM32_USB_Device_Library/Class/CDC/Src/usbd_cdc.o
                0x00000000080054a8                USBD_CDC_TransmitPacket
 .text.USBD_CDC_ReceivePacket
                0x0000000008005534       0x6c ./Middlewares/ST/STM32_USB_Device_Library/Class/CDC/Src/usbd_cdc.o
                0x0000000008005534                USBD_CDC_ReceivePacket
 .text.USBD_Init
                0x00000000080055a0       0x60 ./Middlewares/ST/STM32_USB_Device_Library/Core/Src/usbd_core.o
                0x00000000080055a0                USBD_Init
 .text.USBD_RegisterClass
                0x0000000008005600       0x6c ./Middlewares/ST/STM32_USB_Device_Library/Core/Src/usbd_core.o
                0x0000000008005600                USBD_RegisterClass
 .text.USBD_Start
                0x000000000800566c       0x18 ./Middlewares/ST/STM32_USB_Device_Library/Core/Src/usbd_core.o
                0x000000000800566c                USBD_Start
 .text.USBD_RunTestMode
                0x0000000008005684       0x16 ./Middlewares/ST/STM32_USB_Device_Library/Core/Src/usbd_core.o
                0x0000000008005684                USBD_RunTestMode
 .text.USBD_SetClassConfig
                0x000000000800569a       0x38 ./Middlewares/ST/STM32_USB_Device_Library/Core/Src/usbd_core.o
                0x000000000800569a                USBD_SetClassConfig
 .text.USBD_ClrClassConfig
                0x00000000080056d2       0x34 ./Middlewares/ST/STM32_USB_Device_Library/Core/Src/usbd_core.o
                0x00000000080056d2                USBD_ClrClassConfig
 .text.USBD_LL_SetupStage
                0x0000000008005706       0xaa ./Middlewares/ST/STM32_USB_Device_Library/Core/Src/usbd_core.o
                0x0000000008005706                USBD_LL_SetupStage
 .text.USBD_LL_DataOutStage
                0x00000000080057b0      0x166 ./Middlewares/ST/STM32_USB_Device_Library/Core/Src/usbd_core.o
                0x00000000080057b0                USBD_LL_DataOutStage
 .text.USBD_LL_DataInStage
                0x0000000008005916      0x164 ./Middlewares/ST/STM32_USB_Device_Library/Core/Src/usbd_core.o
                0x0000000008005916                USBD_LL_DataInStage
 .text.USBD_LL_Reset
                0x0000000008005a7a       0xa4 ./Middlewares/ST/STM32_USB_Device_Library/Core/Src/usbd_core.o
                0x0000000008005a7a                USBD_LL_Reset
 .text.USBD_LL_SetSpeed
                0x0000000008005b1e       0x20 ./Middlewares/ST/STM32_USB_Device_Library/Core/Src/usbd_core.o
                0x0000000008005b1e                USBD_LL_SetSpeed
 .text.USBD_LL_Suspend
                0x0000000008005b3e       0x2c ./Middlewares/ST/STM32_USB_Device_Library/Core/Src/usbd_core.o
                0x0000000008005b3e                USBD_LL_Suspend
 .text.USBD_LL_Resume
                0x0000000008005b6a       0x30 ./Middlewares/ST/STM32_USB_Device_Library/Core/Src/usbd_core.o
                0x0000000008005b6a                USBD_LL_Resume
 .text.USBD_LL_SOF
                0x0000000008005b9a       0x40 ./Middlewares/ST/STM32_USB_Device_Library/Core/Src/usbd_core.o
                0x0000000008005b9a                USBD_LL_SOF
 .text.USBD_LL_IsoINIncomplete
                0x0000000008005bda       0x64 ./Middlewares/ST/STM32_USB_Device_Library/Core/Src/usbd_core.o
                0x0000000008005bda                USBD_LL_IsoINIncomplete
 .text.USBD_LL_IsoOUTIncomplete
                0x0000000008005c3e       0x64 ./Middlewares/ST/STM32_USB_Device_Library/Core/Src/usbd_core.o
                0x0000000008005c3e                USBD_LL_IsoOUTIncomplete
 .text.USBD_LL_DevConnected
                0x0000000008005ca2       0x16 ./Middlewares/ST/STM32_USB_Device_Library/Core/Src/usbd_core.o
                0x0000000008005ca2                USBD_LL_DevConnected
 .text.USBD_LL_DevDisconnected
                0x0000000008005cb8       0x46 ./Middlewares/ST/STM32_USB_Device_Library/Core/Src/usbd_core.o
                0x0000000008005cb8                USBD_LL_DevDisconnected
 .text.USBD_CoreFindIF
                0x0000000008005cfe       0x1a ./Middlewares/ST/STM32_USB_Device_Library/Core/Src/usbd_core.o
                0x0000000008005cfe                USBD_CoreFindIF
 .text.USBD_CoreFindEP
                0x0000000008005d18       0x1a ./Middlewares/ST/STM32_USB_Device_Library/Core/Src/usbd_core.o
                0x0000000008005d18                USBD_CoreFindEP
 .text.USBD_GetEpDesc
                0x0000000008005d32       0x74 ./Middlewares/ST/STM32_USB_Device_Library/Core/Src/usbd_core.o
                0x0000000008005d32                USBD_GetEpDesc
 .text.USBD_GetNextDesc
                0x0000000008005da6       0x3a ./Middlewares/ST/STM32_USB_Device_Library/Core/Src/usbd_core.o
                0x0000000008005da6                USBD_GetNextDesc
 .text.SWAPBYTE
                0x0000000008005de0       0x3c ./Middlewares/ST/STM32_USB_Device_Library/Core/Src/usbd_ctlreq.o
 .text.USBD_StdDevReq
                0x0000000008005e1c       0xe4 ./Middlewares/ST/STM32_USB_Device_Library/Core/Src/usbd_ctlreq.o
                0x0000000008005e1c                USBD_StdDevReq
 .text.USBD_StdItfReq
                0x0000000008005f00       0xd8 ./Middlewares/ST/STM32_USB_Device_Library/Core/Src/usbd_ctlreq.o
                0x0000000008005f00                USBD_StdItfReq
 .text.USBD_StdEPReq
                0x0000000008005fd8      0x33a ./Middlewares/ST/STM32_USB_Device_Library/Core/Src/usbd_ctlreq.o
                0x0000000008005fd8                USBD_StdEPReq
 *fill*         0x0000000008006312        0x2 
 .text.USBD_GetDescriptor
                0x0000000008006314      0x2d4 ./Middlewares/ST/STM32_USB_Device_Library/Core/Src/usbd_ctlreq.o
 .text.USBD_SetAddress
                0x00000000080065e8       0x88 ./Middlewares/ST/STM32_USB_Device_Library/Core/Src/usbd_ctlreq.o
 .text.USBD_SetConfig
                0x0000000008006670      0x154 ./Middlewares/ST/STM32_USB_Device_Library/Core/Src/usbd_ctlreq.o
 .text.USBD_GetConfig
                0x00000000080067c4       0x6c ./Middlewares/ST/STM32_USB_Device_Library/Core/Src/usbd_ctlreq.o
 .text.USBD_GetStatus
                0x0000000008006830       0x68 ./Middlewares/ST/STM32_USB_Device_Library/Core/Src/usbd_ctlreq.o
 .text.USBD_SetFeature
                0x0000000008006898       0x52 ./Middlewares/ST/STM32_USB_Device_Library/Core/Src/usbd_ctlreq.o
 .text.USBD_ClrFeature
                0x00000000080068ea       0x44 ./Middlewares/ST/STM32_USB_Device_Library/Core/Src/usbd_ctlreq.o
 .text.USBD_ParseSetupRequest
                0x000000000800692e       0x74 ./Middlewares/ST/STM32_USB_Device_Library/Core/Src/usbd_ctlreq.o
                0x000000000800692e                USBD_ParseSetupRequest
 .text.USBD_CtlError
                0x00000000080069a2       0x22 ./Middlewares/ST/STM32_USB_Device_Library/Core/Src/usbd_ctlreq.o
                0x00000000080069a2                USBD_CtlError
 .text.USBD_GetString
                0x00000000080069c4       0x8c ./Middlewares/ST/STM32_USB_Device_Library/Core/Src/usbd_ctlreq.o
                0x00000000080069c4                USBD_GetString
 .text.USBD_GetLen
                0x0000000008006a50       0x34 ./Middlewares/ST/STM32_USB_Device_Library/Core/Src/usbd_ctlreq.o
 .text.USBD_CtlSendData
                0x0000000008006a84       0x36 ./Middlewares/ST/STM32_USB_Device_Library/Core/Src/usbd_ioreq.o
                0x0000000008006a84                USBD_CtlSendData
 .text.USBD_CtlContinueSendData
                0x0000000008006aba       0x22 ./Middlewares/ST/STM32_USB_Device_Library/Core/Src/usbd_ioreq.o
                0x0000000008006aba                USBD_CtlContinueSendData
 .text.USBD_CtlPrepareRx
                0x0000000008006adc       0x3a ./Middlewares/ST/STM32_USB_Device_Library/Core/Src/usbd_ioreq.o
                0x0000000008006adc                USBD_CtlPrepareRx
 .text.USBD_CtlContinueRx
                0x0000000008006b16       0x22 ./Middlewares/ST/STM32_USB_Device_Library/Core/Src/usbd_ioreq.o
                0x0000000008006b16                USBD_CtlContinueRx
 .text.USBD_CtlSendStatus
                0x0000000008006b38       0x26 ./Middlewares/ST/STM32_USB_Device_Library/Core/Src/usbd_ioreq.o
                0x0000000008006b38                USBD_CtlSendStatus
 .text.USBD_CtlReceiveStatus
                0x0000000008006b5e       0x26 ./Middlewares/ST/STM32_USB_Device_Library/Core/Src/usbd_ioreq.o
                0x0000000008006b5e                USBD_CtlReceiveStatus
 .text.MX_USB_DEVICE_Init
                0x0000000008006b84       0x60 ./USB_DEVICE/App/usb_device.o
                0x0000000008006b84                MX_USB_DEVICE_Init
 .text.CDC_Init_FS
                0x0000000008006be4       0x28 ./USB_DEVICE/App/usbd_cdc_if.o
 .text.CDC_DeInit_FS
                0x0000000008006c0c       0x10 ./USB_DEVICE/App/usbd_cdc_if.o
 .text.CDC_Control_FS
                0x0000000008006c1c       0xbc ./USB_DEVICE/App/usbd_cdc_if.o
 .text.CDC_Receive_FS
                0x0000000008006cd8       0x4c ./USB_DEVICE/App/usbd_cdc_if.o
 .text.CDC_Transmit_FS
                0x0000000008006d24       0x4c ./USB_DEVICE/App/usbd_cdc_if.o
                0x0000000008006d24                CDC_Transmit_FS
 .text.CDC_TransmitCplt_FS
                0x0000000008006d70       0x22 ./USB_DEVICE/App/usbd_cdc_if.o
 *fill*         0x0000000008006d92        0x2 
 .text.Register_USB_rxCb
                0x0000000008006d94       0x24 ./USB_DEVICE/App/usbd_cdc_if.o
                0x0000000008006d94                Register_USB_rxCb
 .text.USBD_FS_DeviceDescriptor
                0x0000000008006db8       0x24 ./USB_DEVICE/App/usbd_desc.o
                0x0000000008006db8                USBD_FS_DeviceDescriptor
 .text.USBD_FS_LangIDStrDescriptor
                0x0000000008006ddc       0x24 ./USB_DEVICE/App/usbd_desc.o
                0x0000000008006ddc                USBD_FS_LangIDStrDescriptor
 .text.USBD_FS_ProductStrDescriptor
                0x0000000008006e00       0x3c ./USB_DEVICE/App/usbd_desc.o
                0x0000000008006e00                USBD_FS_ProductStrDescriptor
 .text.USBD_FS_ManufacturerStrDescriptor
                0x0000000008006e3c       0x28 ./USB_DEVICE/App/usbd_desc.o
                0x0000000008006e3c                USBD_FS_ManufacturerStrDescriptor
 .text.USBD_FS_SerialStrDescriptor
                0x0000000008006e64       0x24 ./USB_DEVICE/App/usbd_desc.o
                0x0000000008006e64                USBD_FS_SerialStrDescriptor
 .text.USBD_FS_ConfigStrDescriptor
                0x0000000008006e88       0x3c ./USB_DEVICE/App/usbd_desc.o
                0x0000000008006e88                USBD_FS_ConfigStrDescriptor
 .text.USBD_FS_InterfaceStrDescriptor
                0x0000000008006ec4       0x3c ./USB_DEVICE/App/usbd_desc.o
                0x0000000008006ec4                USBD_FS_InterfaceStrDescriptor
 .text.Get_SerialNum
                0x0000000008006f00       0x58 ./USB_DEVICE/App/usbd_desc.o
 .text.IntToUnicode
                0x0000000008006f58       0x7e ./USB_DEVICE/App/usbd_desc.o
 *fill*         0x0000000008006fd6        0x2 
 .text.HAL_PCD_MspInit
                0x0000000008006fd8       0xc4 ./USB_DEVICE/Target/usbd_conf.o
                0x0000000008006fd8                HAL_PCD_MspInit
 .text.HAL_PCD_SetupStageCallback
                0x000000000800709c       0x24 ./USB_DEVICE/Target/usbd_conf.o
                0x000000000800709c                HAL_PCD_SetupStageCallback
 .text.HAL_PCD_DataOutStageCallback
                0x00000000080070c0       0x36 ./USB_DEVICE/Target/usbd_conf.o
                0x00000000080070c0                HAL_PCD_DataOutStageCallback
 .text.HAL_PCD_DataInStageCallback
                0x00000000080070f6       0x34 ./USB_DEVICE/Target/usbd_conf.o
                0x00000000080070f6                HAL_PCD_DataInStageCallback
 .text.HAL_PCD_SOFCallback
                0x000000000800712a       0x1c ./USB_DEVICE/Target/usbd_conf.o
                0x000000000800712a                HAL_PCD_SOFCallback
 .text.HAL_PCD_ResetCallback
                0x0000000008007146       0x50 ./USB_DEVICE/Target/usbd_conf.o
                0x0000000008007146                HAL_PCD_ResetCallback
 *fill*         0x0000000008007196        0x2 
 .text.HAL_PCD_SuspendCallback
                0x0000000008007198       0x4c ./USB_DEVICE/Target/usbd_conf.o
                0x0000000008007198                HAL_PCD_SuspendCallback
 .text.HAL_PCD_ResumeCallback
                0x00000000080071e4       0x1c ./USB_DEVICE/Target/usbd_conf.o
                0x00000000080071e4                HAL_PCD_ResumeCallback
 .text.HAL_PCD_ISOOUTIncompleteCallback
                0x0000000008007200       0x24 ./USB_DEVICE/Target/usbd_conf.o
                0x0000000008007200                HAL_PCD_ISOOUTIncompleteCallback
 .text.HAL_PCD_ISOINIncompleteCallback
                0x0000000008007224       0x24 ./USB_DEVICE/Target/usbd_conf.o
                0x0000000008007224                HAL_PCD_ISOINIncompleteCallback
 .text.HAL_PCD_ConnectCallback
                0x0000000008007248       0x1c ./USB_DEVICE/Target/usbd_conf.o
                0x0000000008007248                HAL_PCD_ConnectCallback
 .text.HAL_PCD_DisconnectCallback
                0x0000000008007264       0x1c ./USB_DEVICE/Target/usbd_conf.o
                0x0000000008007264                HAL_PCD_DisconnectCallback
 .text.USBD_LL_Init
                0x0000000008007280       0x98 ./USB_DEVICE/Target/usbd_conf.o
                0x0000000008007280                USBD_LL_Init
 .text.USBD_LL_Start
                0x0000000008007318       0x36 ./USB_DEVICE/Target/usbd_conf.o
                0x0000000008007318                USBD_LL_Start
 .text.USBD_LL_OpenEP
                0x000000000800734e       0x4c ./USB_DEVICE/Target/usbd_conf.o
                0x000000000800734e                USBD_LL_OpenEP
 .text.USBD_LL_CloseEP
                0x000000000800739a       0x3e ./USB_DEVICE/Target/usbd_conf.o
                0x000000000800739a                USBD_LL_CloseEP
 .text.USBD_LL_StallEP
                0x00000000080073d8       0x3e ./USB_DEVICE/Target/usbd_conf.o
                0x00000000080073d8                USBD_LL_StallEP
 .text.USBD_LL_ClearStallEP
                0x0000000008007416       0x3e ./USB_DEVICE/Target/usbd_conf.o
                0x0000000008007416                USBD_LL_ClearStallEP
 .text.USBD_LL_IsStallEP
                0x0000000008007454       0x58 ./USB_DEVICE/Target/usbd_conf.o
                0x0000000008007454                USBD_LL_IsStallEP
 .text.USBD_LL_SetUSBAddress
                0x00000000080074ac       0x3e ./USB_DEVICE/Target/usbd_conf.o
                0x00000000080074ac                USBD_LL_SetUSBAddress
 .text.USBD_LL_Transmit
                0x00000000080074ea       0x42 ./USB_DEVICE/Target/usbd_conf.o
                0x00000000080074ea                USBD_LL_Transmit
 .text.USBD_LL_PrepareReceive
                0x000000000800752c       0x42 ./USB_DEVICE/Target/usbd_conf.o
                0x000000000800752c                USBD_LL_PrepareReceive
 .text.USBD_LL_GetRxDataSize
                0x000000000800756e       0x26 ./USB_DEVICE/Target/usbd_conf.o
                0x000000000800756e                USBD_LL_GetRxDataSize
 .text.USBD_static_malloc
                0x0000000008007594       0x1c ./USB_DEVICE/Target/usbd_conf.o
                0x0000000008007594                USBD_static_malloc
 .text.USBD_static_free
                0x00000000080075b0       0x14 ./USB_DEVICE/Target/usbd_conf.o
                0x00000000080075b0                USBD_static_free
 .text.USBD_Get_USB_Status
                0x00000000080075c4       0x58 ./USB_DEVICE/Target/usbd_conf.o
                0x00000000080075c4                USBD_Get_USB_Status
 .text.__libc_init_array
                0x000000000800761c       0x48 c:/st/stm32cubeide_1.11.2/stm32cubeide/plugins/com.st.stm32cube.ide.mcu.externaltools.gnu-tools-for-stm32.10.3-2021.10.win32_1.0.100.202210260954/tools/bin/../lib/gcc/arm-none-eabi/10.3.1/../../../../arm-none-eabi/lib/thumb/v7e-m+fp/hard\libc_nano.a(lib_a-init.o)
                0x000000000800761c                __libc_init_array
 .text.memcpy   0x0000000008007664       0x1c c:/st/stm32cubeide_1.11.2/stm32cubeide/plugins/com.st.stm32cube.ide.mcu.externaltools.gnu-tools-for-stm32.10.3-2021.10.win32_1.0.100.202210260954/tools/bin/../lib/gcc/arm-none-eabi/10.3.1/../../../../arm-none-eabi/lib/thumb/v7e-m+fp/hard\libc_nano.a(lib_a-memcpy-stub.o)
                0x0000000008007664                memcpy
 .text.memset   0x0000000008007680       0x10 c:/st/stm32cubeide_1.11.2/stm32cubeide/plugins/com.st.stm32cube.ide.mcu.externaltools.gnu-tools-for-stm32.10.3-2021.10.win32_1.0.100.202210260954/tools/bin/../lib/gcc/arm-none-eabi/10.3.1/../../../../arm-none-eabi/lib/thumb/v7e-m+fp/hard\libc_nano.a(lib_a-memset.o)
                0x0000000008007680                memset
 *(.glue_7)
 .glue_7        0x0000000008007690        0x0 linker stubs
 *(.glue_7t)
 .glue_7t       0x0000000008007690        0x0 linker stubs
 *(.eh_frame)
 .eh_frame      0x0000000008007690        0x0 c:/st/stm32cubeide_1.11.2/stm32cubeide/plugins/com.st.stm32cube.ide.mcu.externaltools.gnu-tools-for-stm32.10.3-2021.10.win32_1.0.100.202210260954/tools/bin/../lib/gcc/arm-none-eabi/10.3.1/thumb/v7e-m+fp/hard/crtbegin.o
 *(.init)
 .init          0x0000000008007690        0x4 c:/st/stm32cubeide_1.11.2/stm32cubeide/plugins/com.st.stm32cube.ide.mcu.externaltools.gnu-tools-for-stm32.10.3-2021.10.win32_1.0.100.202210260954/tools/bin/../lib/gcc/arm-none-eabi/10.3.1/thumb/v7e-m+fp/hard/crti.o
                0x0000000008007690                _init
 .init          0x0000000008007694        0x8 c:/st/stm32cubeide_1.11.2/stm32cubeide/plugins/com.st.stm32cube.ide.mcu.externaltools.gnu-tools-for-stm32.10.3-2021.10.win32_1.0.100.202210260954/tools/bin/../lib/gcc/arm-none-eabi/10.3.1/thumb/v7e-m+fp/hard/crtn.o
 *(.fini)
 .fini          0x000000000800769c        0x4 c:/st/stm32cubeide_1.11.2/stm32cubeide/plugins/com.st.stm32cube.ide.mcu.externaltools.gnu-tools-for-stm32.10.3-2021.10.win32_1.0.100.202210260954/tools/bin/../lib/gcc/arm-none-eabi/10.3.1/thumb/v7e-m+fp/hard/crti.o
                0x000000000800769c                _fini
 .fini          0x00000000080076a0        0x8 c:/st/stm32cubeide_1.11.2/stm32cubeide/plugins/com.st.stm32cube.ide.mcu.externaltools.gnu-tools-for-stm32.10.3-2021.10.win32_1.0.100.202210260954/tools/bin/../lib/gcc/arm-none-eabi/10.3.1/thumb/v7e-m+fp/hard/crtn.o
                0x00000000080076a8                . = ALIGN (0x4)
                0x00000000080076a8                _etext = .

.vfp11_veneer   0x00000000080076a8        0x0
 .vfp11_veneer  0x00000000080076a8        0x0 linker stubs

.v4_bx          0x00000000080076a8        0x0
 .v4_bx         0x00000000080076a8        0x0 linker stubs

.iplt           0x00000000080076a8        0x0
 .iplt          0x00000000080076a8        0x0 c:/st/stm32cubeide_1.11.2/stm32cubeide/plugins/com.st.stm32cube.ide.mcu.externaltools.gnu-tools-for-stm32.10.3-2021.10.win32_1.0.100.202210260954/tools/bin/../lib/gcc/arm-none-eabi/10.3.1/thumb/v7e-m+fp/hard/crtbegin.o

.rodata         0x00000000080076a8       0x78
                0x00000000080076a8                . = ALIGN (0x4)
 *(.rodata)
 .rodata        0x00000000080076a8       0x17 ./Core/Src/main.o
 *fill*         0x00000000080076bf        0x1 
 .rodata        0x00000000080076c0       0x46 ./USB_DEVICE/App/usbd_desc.o
 *(.rodata*)
 *fill*         0x0000000008007706        0x2 
 .rodata.AHBPrescTable
                0x0000000008007708       0x10 ./Core/Src/system_stm32f4xx.o
                0x0000000008007708                AHBPrescTable
 .rodata.APBPrescTable
                0x0000000008007718        0x8 ./Core/Src/system_stm32f4xx.o
                0x0000000008007718                APBPrescTable
                0x0000000008007720                . = ALIGN (0x4)

.ARM.extab      0x0000000008007720        0x0
                0x0000000008007720                . = ALIGN (0x4)
 *(.ARM.extab* .gnu.linkonce.armextab.*)
                0x0000000008007720                . = ALIGN (0x4)

.ARM            0x0000000008007720        0x8
                0x0000000008007720                . = ALIGN (0x4)
                0x0000000008007720                __exidx_start = .
 *(.ARM.exidx*)
 .ARM.exidx     0x0000000008007720        0x8 c:/st/stm32cubeide_1.11.2/stm32cubeide/plugins/com.st.stm32cube.ide.mcu.externaltools.gnu-tools-for-stm32.10.3-2021.10.win32_1.0.100.202210260954/tools/bin/../lib/gcc/arm-none-eabi/10.3.1/thumb/v7e-m+fp/hard\libgcc.a(_udivmoddi4.o)
                0x0000000008007728                __exidx_end = .
                0x0000000008007728                . = ALIGN (0x4)

.rel.dyn        0x0000000008007728        0x0
 .rel.iplt      0x0000000008007728        0x0 c:/st/stm32cubeide_1.11.2/stm32cubeide/plugins/com.st.stm32cube.ide.mcu.externaltools.gnu-tools-for-stm32.10.3-2021.10.win32_1.0.100.202210260954/tools/bin/../lib/gcc/arm-none-eabi/10.3.1/thumb/v7e-m+fp/hard/crtbegin.o

.preinit_array  0x0000000008007728        0x0
                0x0000000008007728                . = ALIGN (0x4)
                0x0000000008007728                PROVIDE (__preinit_array_start = .)
 *(.preinit_array*)
                0x0000000008007728                PROVIDE (__preinit_array_end = .)
                0x0000000008007728                . = ALIGN (0x4)

.init_array     0x0000000008007728        0x4
                0x0000000008007728                . = ALIGN (0x4)
                0x0000000008007728                PROVIDE (__init_array_start = .)
 *(SORT_BY_NAME(.init_array.*))
 *(.init_array*)
 .init_array    0x0000000008007728        0x4 c:/st/stm32cubeide_1.11.2/stm32cubeide/plugins/com.st.stm32cube.ide.mcu.externaltools.gnu-tools-for-stm32.10.3-2021.10.win32_1.0.100.202210260954/tools/bin/../lib/gcc/arm-none-eabi/10.3.1/thumb/v7e-m+fp/hard/crtbegin.o
                0x000000000800772c                PROVIDE (__init_array_end = .)
                0x000000000800772c                . = ALIGN (0x4)

.fini_array     0x000000000800772c        0x4
                0x000000000800772c                . = ALIGN (0x4)
                [!provide]                        PROVIDE (__fini_array_start = .)
 *(SORT_BY_NAME(.fini_array.*))
 *(.fini_array*)
 .fini_array    0x000000000800772c        0x4 c:/st/stm32cubeide_1.11.2/stm32cubeide/plugins/com.st.stm32cube.ide.mcu.externaltools.gnu-tools-for-stm32.10.3-2021.10.win32_1.0.100.202210260954/tools/bin/../lib/gcc/arm-none-eabi/10.3.1/thumb/v7e-m+fp/hard/crtbegin.o
                [!provide]                        PROVIDE (__fini_array_end = .)
                0x0000000008007730                . = ALIGN (0x4)
                0x0000000008007730                _sidata = LOADADDR (.data)

.data           0x0000000020000000       0xfc load address 0x0000000008007730
                0x0000000020000000                . = ALIGN (0x4)
                0x0000000020000000                _sdata = .
 *(.data)
 *(.data*)
 .data.SystemCoreClock
                0x0000000020000000        0x4 ./Core/Src/system_stm32f4xx.o
                0x0000000020000000                SystemCoreClock
 .data.uwTickPrio
                0x0000000020000004        0x4 ./Drivers/STM32F4xx_HAL_Driver/Src/stm32f4xx_hal.o
                0x0000000020000004                uwTickPrio
 .data.uwTickFreq
                0x0000000020000008        0x1 ./Drivers/STM32F4xx_HAL_Driver/Src/stm32f4xx_hal.o
                0x0000000020000008                uwTickFreq
 *fill*         0x0000000020000009        0x3 
 .data.USBD_CDC_DeviceQualifierDesc
                0x000000002000000c        0xa ./Middlewares/ST/STM32_USB_Device_Library/Class/CDC/Src/usbd_cdc.o
 *fill*         0x0000000020000016        0x2 
 .data.USBD_CDC
                0x0000000020000018       0x38 ./Middlewares/ST/STM32_USB_Device_Library/Class/CDC/Src/usbd_cdc.o
                0x0000000020000018                USBD_CDC
 .data.USBD_CDC_CfgDesc
                0x0000000020000050       0x43 ./Middlewares/ST/STM32_USB_Device_Library/Class/CDC/Src/usbd_cdc.o
 .data.CDCInEpAdd
                0x0000000020000093        0x1 ./Middlewares/ST/STM32_USB_Device_Library/Class/CDC/Src/usbd_cdc.o
 .data.CDCOutEpAdd
                0x0000000020000094        0x1 ./Middlewares/ST/STM32_USB_Device_Library/Class/CDC/Src/usbd_cdc.o
 .data.CDCCmdEpAdd
                0x0000000020000095        0x1 ./Middlewares/ST/STM32_USB_Device_Library/Class/CDC/Src/usbd_cdc.o
 *fill*         0x0000000020000096        0x2 
 .data.USBD_Interface_fops_FS
                0x0000000020000098       0x14 ./USB_DEVICE/App/usbd_cdc_if.o
                0x0000000020000098                USBD_Interface_fops_FS
 .data.FS_Desc  0x00000000200000ac       0x1c ./USB_DEVICE/App/usbd_desc.o
                0x00000000200000ac                FS_Desc
 .data.USBD_FS_DeviceDesc
                0x00000000200000c8       0x12 ./USB_DEVICE/App/usbd_desc.o
                0x00000000200000c8                USBD_FS_DeviceDesc
 *fill*         0x00000000200000da        0x2 
 .data.USBD_LangIDDesc
                0x00000000200000dc        0x4 ./USB_DEVICE/App/usbd_desc.o
                0x00000000200000dc                USBD_LangIDDesc
 .data.USBD_StringSerial
                0x00000000200000e0       0x1a ./USB_DEVICE/App/usbd_desc.o
                0x00000000200000e0                USBD_StringSerial
 *(.RamFunc)
 *(.RamFunc*)
                0x00000000200000fc                . = ALIGN (0x4)
 *fill*         0x00000000200000fa        0x2 
                0x00000000200000fc                _edata = .

.igot.plt       0x00000000200000fc        0x0 load address 0x000000000800782c
 .igot.plt      0x00000000200000fc        0x0 c:/st/stm32cubeide_1.11.2/stm32cubeide/plugins/com.st.stm32cube.ide.mcu.externaltools.gnu-tools-for-stm32.10.3-2021.10.win32_1.0.100.202210260954/tools/bin/../lib/gcc/arm-none-eabi/10.3.1/thumb/v7e-m+fp/hard/crtbegin.o
                0x00000000200000fc                . = ALIGN (0x4)

.bss            0x00000000200000fc     0x1cb4 load address 0x000000000800782c
                0x00000000200000fc                _sbss = .
                0x00000000200000fc                __bss_start__ = _sbss
 *(.bss)
 .bss           0x00000000200000fc       0x1c c:/st/stm32cubeide_1.11.2/stm32cubeide/plugins/com.st.stm32cube.ide.mcu.externaltools.gnu-tools-for-stm32.10.3-2021.10.win32_1.0.100.202210260954/tools/bin/../lib/gcc/arm-none-eabi/10.3.1/thumb/v7e-m+fp/hard/crtbegin.o
 *(.bss*)
 .bss.huart2    0x0000000020000118       0x44 ./Core/Src/main.o
                0x0000000020000118                huart2
 .bss.rx_usb    0x000000002000015c       0x40 ./Core/Src/main.o
                0x000000002000015c                rx_usb
 .bss.uwTick    0x000000002000019c        0x4 ./Drivers/STM32F4xx_HAL_Driver/Src/stm32f4xx_hal.o
                0x000000002000019c                uwTick
 .bss.cfgidx.0  0x00000000200001a0        0x1 ./Middlewares/ST/STM32_USB_Device_Library/Core/Src/usbd_ctlreq.o
 *fill*         0x00000000200001a1        0x3 
 .bss.hUsbDeviceFS
                0x00000000200001a4      0x2dc ./USB_DEVICE/App/usb_device.o
                0x00000000200001a4                hUsbDeviceFS
 .bss.usbRxCb   0x0000000020000480        0x4 ./USB_DEVICE/App/usbd_cdc_if.o
                0x0000000020000480                usbRxCb
 .bss.UserRxBufferFS
                0x0000000020000484      0x800 ./USB_DEVICE/App/usbd_cdc_if.o
                0x0000000020000484                UserRxBufferFS
 .bss.UserTxBufferFS
                0x0000000020000c84      0x800 ./USB_DEVICE/App/usbd_cdc_if.o
                0x0000000020000c84                UserTxBufferFS
 .bss.USBD_StrDesc
                0x0000000020001484      0x200 ./USB_DEVICE/App/usbd_desc.o
                0x0000000020001484                USBD_StrDesc
 .bss.hpcd_USB_OTG_FS
                0x0000000020001684      0x50c ./USB_DEVICE/Target/usbd_conf.o
                0x0000000020001684                hpcd_USB_OTG_FS
 .bss.mem.0     0x0000000020001b90      0x220 ./USB_DEVICE/Target/usbd_conf.o
 *(COMMON)
                0x0000000020001db0                . = ALIGN (0x4)
                0x0000000020001db0                _ebss = .
                0x0000000020001db0                __bss_end__ = _ebss

._user_heap_stack
                0x0000000020001db0      0x600 load address 0x000000000800782c
                0x0000000020001db0                . = ALIGN (0x8)
                [!provide]                        PROVIDE (end = .)
                0x0000000020001db0                PROVIDE (_end = .)
                0x0000000020001fb0                . = (. + _Min_Heap_Size)
 *fill*         0x0000000020001db0      0x200 
                0x00000000200023b0                . = (. + _Min_Stack_Size)
 *fill*         0x0000000020001fb0      0x400 
                0x00000000200023b0                . = ALIGN (0x8)

/DISCARD/
 libc.a(*)
 libm.a(*)
 libgcc.a(*)

.ARM.attributes
                0x0000000000000000       0x30
 *(.ARM.attributes)
 .ARM.attributes
                0x0000000000000000       0x1e c:/st/stm32cubeide_1.11.2/stm32cubeide/plugins/com.st.stm32cube.ide.mcu.externaltools.gnu-tools-for-stm32.10.3-2021.10.win32_1.0.100.202210260954/tools/bin/../lib/gcc/arm-none-eabi/10.3.1/thumb/v7e-m+fp/hard/crti.o
 .ARM.attributes
                0x000000000000001e       0x34 c:/st/stm32cubeide_1.11.2/stm32cubeide/plugins/com.st.stm32cube.ide.mcu.externaltools.gnu-tools-for-stm32.10.3-2021.10.win32_1.0.100.202210260954/tools/bin/../lib/gcc/arm-none-eabi/10.3.1/thumb/v7e-m+fp/hard/crtbegin.o
 .ARM.attributes
                0x0000000000000052       0x34 ./Core/Src/main.o
 .ARM.attributes
                0x0000000000000086       0x34 ./Core/Src/stm32f4xx_hal_msp.o
 .ARM.attributes
                0x00000000000000ba       0x34 ./Core/Src/stm32f4xx_it.o
 .ARM.attributes
                0x00000000000000ee       0x34 ./Core/Src/system_stm32f4xx.o
 .ARM.attributes
                0x0000000000000122       0x21 ./Core/Startup/startup_stm32f401retx.o
 .ARM.attributes
                0x0000000000000143       0x34 ./Drivers/STM32F4xx_HAL_Driver/Src/stm32f4xx_hal.o
 .ARM.attributes
                0x0000000000000177       0x34 ./Drivers/STM32F4xx_HAL_Driver/Src/stm32f4xx_hal_cortex.o
 .ARM.attributes
                0x00000000000001ab       0x34 ./Drivers/STM32F4xx_HAL_Driver/Src/stm32f4xx_hal_gpio.o
 .ARM.attributes
                0x00000000000001df       0x34 ./Drivers/STM32F4xx_HAL_Driver/Src/stm32f4xx_hal_pcd.o
 .ARM.attributes
                0x0000000000000213       0x34 ./Drivers/STM32F4xx_HAL_Driver/Src/stm32f4xx_hal_pcd_ex.o
 .ARM.attributes
                0x0000000000000247       0x34 ./Drivers/STM32F4xx_HAL_Driver/Src/stm32f4xx_hal_rcc.o
 .ARM.attributes
                0x000000000000027b       0x34 ./Drivers/STM32F4xx_HAL_Driver/Src/stm32f4xx_hal_uart.o
 .ARM.attributes
                0x00000000000002af       0x34 ./Drivers/STM32F4xx_HAL_Driver/Src/stm32f4xx_ll_usb.o
 .ARM.attributes
                0x00000000000002e3       0x34 ./Middlewares/ST/STM32_USB_Device_Library/Class/CDC/Src/usbd_cdc.o
 .ARM.attributes
                0x0000000000000317       0x34 ./Middlewares/ST/STM32_USB_Device_Library/Core/Src/usbd_core.o
 .ARM.attributes
                0x000000000000034b       0x34 ./Middlewares/ST/STM32_USB_Device_Library/Core/Src/usbd_ctlreq.o
 .ARM.attributes
                0x000000000000037f       0x34 ./Middlewares/ST/STM32_USB_Device_Library/Core/Src/usbd_ioreq.o
 .ARM.attributes
                0x00000000000003b3       0x34 ./USB_DEVICE/App/usb_device.o
 .ARM.attributes
                0x00000000000003e7       0x34 ./USB_DEVICE/App/usbd_cdc_if.o
 .ARM.attributes
                0x000000000000041b       0x34 ./USB_DEVICE/App/usbd_desc.o
 .ARM.attributes
                0x000000000000044f       0x34 ./USB_DEVICE/Target/usbd_conf.o
 .ARM.attributes
                0x0000000000000483       0x34 c:/st/stm32cubeide_1.11.2/stm32cubeide/plugins/com.st.stm32cube.ide.mcu.externaltools.gnu-tools-for-stm32.10.3-2021.10.win32_1.0.100.202210260954/tools/bin/../lib/gcc/arm-none-eabi/10.3.1/../../../../arm-none-eabi/lib/thumb/v7e-m+fp/hard\libc_nano.a(lib_a-init.o)
 .ARM.attributes
                0x00000000000004b7       0x34 c:/st/stm32cubeide_1.11.2/stm32cubeide/plugins/com.st.stm32cube.ide.mcu.externaltools.gnu-tools-for-stm32.10.3-2021.10.win32_1.0.100.202210260954/tools/bin/../lib/gcc/arm-none-eabi/10.3.1/../../../../arm-none-eabi/lib/thumb/v7e-m+fp/hard\libc_nano.a(lib_a-memcpy-stub.o)
 .ARM.attributes
                0x00000000000004eb       0x34 c:/st/stm32cubeide_1.11.2/stm32cubeide/plugins/com.st.stm32cube.ide.mcu.externaltools.gnu-tools-for-stm32.10.3-2021.10.win32_1.0.100.202210260954/tools/bin/../lib/gcc/arm-none-eabi/10.3.1/../../../../arm-none-eabi/lib/thumb/v7e-m+fp/hard\libc_nano.a(lib_a-memset.o)
 .ARM.attributes
                0x000000000000051f       0x1e c:/st/stm32cubeide_1.11.2/stm32cubeide/plugins/com.st.stm32cube.ide.mcu.externaltools.gnu-tools-for-stm32.10.3-2021.10.win32_1.0.100.202210260954/tools/bin/../lib/gcc/arm-none-eabi/10.3.1/thumb/v7e-m+fp/hard\libgcc.a(_aeabi_uldivmod.o)
 .ARM.attributes
                0x000000000000053d       0x34 c:/st/stm32cubeide_1.11.2/stm32cubeide/plugins/com.st.stm32cube.ide.mcu.externaltools.gnu-tools-for-stm32.10.3-2021.10.win32_1.0.100.202210260954/tools/bin/../lib/gcc/arm-none-eabi/10.3.1/thumb/v7e-m+fp/hard\libgcc.a(_udivmoddi4.o)
 .ARM.attributes
                0x0000000000000571       0x1e c:/st/stm32cubeide_1.11.2/stm32cubeide/plugins/com.st.stm32cube.ide.mcu.externaltools.gnu-tools-for-stm32.10.3-2021.10.win32_1.0.100.202210260954/tools/bin/../lib/gcc/arm-none-eabi/10.3.1/thumb/v7e-m+fp/hard\libgcc.a(_dvmd_tls.o)
 .ARM.attributes
                0x000000000000058f       0x1e c:/st/stm32cubeide_1.11.2/stm32cubeide/plugins/com.st.stm32cube.ide.mcu.externaltools.gnu-tools-for-stm32.10.3-2021.10.win32_1.0.100.202210260954/tools/bin/../lib/gcc/arm-none-eabi/10.3.1/thumb/v7e-m+fp/hard/crtn.o
OUTPUT(usb-learn.elf elf32-littlearm)
LOAD linker stubs
LOAD c:/st/stm32cubeide_1.11.2/stm32cubeide/plugins/com.st.stm32cube.ide.mcu.externaltools.gnu-tools-for-stm32.10.3-2021.10.win32_1.0.100.202210260954/tools/bin/../lib/gcc/arm-none-eabi/10.3.1/../../../../arm-none-eabi/lib/thumb/v7e-m+fp/hard\libc.a
LOAD c:/st/stm32cubeide_1.11.2/stm32cubeide/plugins/com.st.stm32cube.ide.mcu.externaltools.gnu-tools-for-stm32.10.3-2021.10.win32_1.0.100.202210260954/tools/bin/../lib/gcc/arm-none-eabi/10.3.1/../../../../arm-none-eabi/lib/thumb/v7e-m+fp/hard\libm.a
LOAD c:/st/stm32cubeide_1.11.2/stm32cubeide/plugins/com.st.stm32cube.ide.mcu.externaltools.gnu-tools-for-stm32.10.3-2021.10.win32_1.0.100.202210260954/tools/bin/../lib/gcc/arm-none-eabi/10.3.1/thumb/v7e-m+fp/hard\libgcc.a

.debug_info     0x0000000000000000    0x11c43
 .debug_info    0x0000000000000000      0xd2e ./Core/Src/main.o
 .debug_info    0x0000000000000d2e      0x9a2 ./Core/Src/stm32f4xx_hal_msp.o
 .debug_info    0x00000000000016d0      0x650 ./Core/Src/stm32f4xx_it.o
 .debug_info    0x0000000000001d20      0x54f ./Core/Src/system_stm32f4xx.o
 .debug_info    0x000000000000226f       0x22 ./Core/Startup/startup_stm32f401retx.o
 .debug_info    0x0000000000002291      0x906 ./Drivers/STM32F4xx_HAL_Driver/Src/stm32f4xx_hal.o
 .debug_info    0x0000000000002b97      0xd85 ./Drivers/STM32F4xx_HAL_Driver/Src/stm32f4xx_hal_cortex.o
 .debug_info    0x000000000000391c      0x78e ./Drivers/STM32F4xx_HAL_Driver/Src/stm32f4xx_hal_gpio.o
 .debug_info    0x00000000000040aa     0x168d ./Drivers/STM32F4xx_HAL_Driver/Src/stm32f4xx_hal_pcd.o
 .debug_info    0x0000000000005737      0x717 ./Drivers/STM32F4xx_HAL_Driver/Src/stm32f4xx_hal_pcd_ex.o
 .debug_info    0x0000000000005e4e      0x98c ./Drivers/STM32F4xx_HAL_Driver/Src/stm32f4xx_hal_rcc.o
 .debug_info    0x00000000000067da     0x31b4 ./Drivers/STM32F4xx_HAL_Driver/Src/stm32f4xx_hal_uart.o
 .debug_info    0x000000000000998e     0x1a97 ./Drivers/STM32F4xx_HAL_Driver/Src/stm32f4xx_ll_usb.o
 .debug_info    0x000000000000b425     0x130c ./Middlewares/ST/STM32_USB_Device_Library/Class/CDC/Src/usbd_cdc.o
 .debug_info    0x000000000000c731      0xee7 ./Middlewares/ST/STM32_USB_Device_Library/Core/Src/usbd_core.o
 .debug_info    0x000000000000d618      0xb7f ./Middlewares/ST/STM32_USB_Device_Library/Core/Src/usbd_ctlreq.o
 .debug_info    0x000000000000e197      0x7da ./Middlewares/ST/STM32_USB_Device_Library/Core/Src/usbd_ioreq.o
 .debug_info    0x000000000000e971      0x76a ./USB_DEVICE/App/usb_device.o
 .debug_info    0x000000000000f0db      0xa19 ./USB_DEVICE/App/usbd_cdc_if.o
 .debug_info    0x000000000000faf4      0x498 ./USB_DEVICE/App/usbd_desc.o
 .debug_info    0x000000000000ff8c     0x1cb7 ./USB_DEVICE/Target/usbd_conf.o

.debug_abbrev   0x0000000000000000     0x2d30
 .debug_abbrev  0x0000000000000000      0x289 ./Core/Src/main.o
 .debug_abbrev  0x0000000000000289      0x1b0 ./Core/Src/stm32f4xx_hal_msp.o
 .debug_abbrev  0x0000000000000439      0x199 ./Core/Src/stm32f4xx_it.o
 .debug_abbrev  0x00000000000005d2      0x116 ./Core/Src/system_stm32f4xx.o
 .debug_abbrev  0x00000000000006e8       0x12 ./Core/Startup/startup_stm32f401retx.o
 .debug_abbrev  0x00000000000006fa      0x23e ./Drivers/STM32F4xx_HAL_Driver/Src/stm32f4xx_hal.o
 .debug_abbrev  0x0000000000000938      0x316 ./Drivers/STM32F4xx_HAL_Driver/Src/stm32f4xx_hal_cortex.o
 .debug_abbrev  0x0000000000000c4e      0x1c4 ./Drivers/STM32F4xx_HAL_Driver/Src/stm32f4xx_hal_gpio.o
 .debug_abbrev  0x0000000000000e12      0x2bb ./Drivers/STM32F4xx_HAL_Driver/Src/stm32f4xx_hal_pcd.o
 .debug_abbrev  0x00000000000010cd      0x1ce ./Drivers/STM32F4xx_HAL_Driver/Src/stm32f4xx_hal_pcd_ex.o
 .debug_abbrev  0x000000000000129b      0x2aa ./Drivers/STM32F4xx_HAL_Driver/Src/stm32f4xx_hal_rcc.o
 .debug_abbrev  0x0000000000001545      0x305 ./Drivers/STM32F4xx_HAL_Driver/Src/stm32f4xx_hal_uart.o
 .debug_abbrev  0x000000000000184a      0x296 ./Drivers/STM32F4xx_HAL_Driver/Src/stm32f4xx_ll_usb.o
 .debug_abbrev  0x0000000000001ae0      0x2be ./Middlewares/ST/STM32_USB_Device_Library/Class/CDC/Src/usbd_cdc.o
 .debug_abbrev  0x0000000000001d9e      0x263 ./Middlewares/ST/STM32_USB_Device_Library/Core/Src/usbd_core.o
 .debug_abbrev  0x0000000000002001      0x25c ./Middlewares/ST/STM32_USB_Device_Library/Core/Src/usbd_ctlreq.o
 .debug_abbrev  0x000000000000225d      0x18a ./Middlewares/ST/STM32_USB_Device_Library/Core/Src/usbd_ioreq.o
 .debug_abbrev  0x00000000000023e7      0x18a ./USB_DEVICE/App/usb_device.o
 .debug_abbrev  0x0000000000002571      0x2ba ./USB_DEVICE/App/usbd_cdc_if.o
 .debug_abbrev  0x000000000000282b      0x1da ./USB_DEVICE/App/usbd_desc.o
 .debug_abbrev  0x0000000000002a05      0x32b ./USB_DEVICE/Target/usbd_conf.o

.debug_aranges  0x0000000000000000      0xd60
 .debug_aranges
                0x0000000000000000       0x48 ./Core/Src/main.o
 .debug_aranges
                0x0000000000000048       0x30 ./Core/Src/stm32f4xx_hal_msp.o
 .debug_aranges
                0x0000000000000078       0x68 ./Core/Src/stm32f4xx_it.o
 .debug_aranges
                0x00000000000000e0       0x28 ./Core/Src/system_stm32f4xx.o
 .debug_aranges
                0x0000000000000108       0x28 ./Core/Startup/startup_stm32f401retx.o
 .debug_aranges
                0x0000000000000130       0xf0 ./Drivers/STM32F4xx_HAL_Driver/Src/stm32f4xx_hal.o
 .debug_aranges
                0x0000000000000220      0x118 ./Drivers/STM32F4xx_HAL_Driver/Src/stm32f4xx_hal_cortex.o
 .debug_aranges
                0x0000000000000338       0x58 ./Drivers/STM32F4xx_HAL_Driver/Src/stm32f4xx_hal_gpio.o
 .debug_aranges
                0x0000000000000390      0x148 ./Drivers/STM32F4xx_HAL_Driver/Src/stm32f4xx_hal_pcd.o
 .debug_aranges
                0x00000000000004d8       0x38 ./Drivers/STM32F4xx_HAL_Driver/Src/stm32f4xx_hal_pcd_ex.o
 .debug_aranges
                0x0000000000000510       0x88 ./Drivers/STM32F4xx_HAL_Driver/Src/stm32f4xx_hal_rcc.o
 .debug_aranges
                0x0000000000000598      0x200 ./Drivers/STM32F4xx_HAL_Driver/Src/stm32f4xx_hal_uart.o
 .debug_aranges
                0x0000000000000798      0x1a0 ./Drivers/STM32F4xx_HAL_Driver/Src/stm32f4xx_ll_usb.o
 .debug_aranges
                0x0000000000000938       0x90 ./Middlewares/ST/STM32_USB_Device_Library/Class/CDC/Src/usbd_cdc.o
 .debug_aranges
                0x00000000000009c8       0xd8 ./Middlewares/ST/STM32_USB_Device_Library/Core/Src/usbd_core.o
 .debug_aranges
                0x0000000000000aa0       0x90 ./Middlewares/ST/STM32_USB_Device_Library/Core/Src/usbd_ctlreq.o
 .debug_aranges
                0x0000000000000b30       0x50 ./Middlewares/ST/STM32_USB_Device_Library/Core/Src/usbd_ioreq.o
 .debug_aranges
                0x0000000000000b80       0x20 ./USB_DEVICE/App/usb_device.o
 .debug_aranges
                0x0000000000000ba0       0x50 ./USB_DEVICE/App/usbd_cdc_if.o
 .debug_aranges
                0x0000000000000bf0       0x60 ./USB_DEVICE/App/usbd_desc.o
 .debug_aranges
                0x0000000000000c50      0x110 ./USB_DEVICE/Target/usbd_conf.o

.debug_ranges   0x0000000000000000      0xc48
 .debug_ranges  0x0000000000000000       0x38 ./Core/Src/main.o
 .debug_ranges  0x0000000000000038       0x20 ./Core/Src/stm32f4xx_hal_msp.o
 .debug_ranges  0x0000000000000058       0x58 ./Core/Src/stm32f4xx_it.o
 .debug_ranges  0x00000000000000b0       0x18 ./Core/Src/system_stm32f4xx.o
 .debug_ranges  0x00000000000000c8       0x20 ./Core/Startup/startup_stm32f401retx.o
 .debug_ranges  0x00000000000000e8       0xe0 ./Drivers/STM32F4xx_HAL_Driver/Src/stm32f4xx_hal.o
 .debug_ranges  0x00000000000001c8      0x108 ./Drivers/STM32F4xx_HAL_Driver/Src/stm32f4xx_hal_cortex.o
 .debug_ranges  0x00000000000002d0       0x48 ./Drivers/STM32F4xx_HAL_Driver/Src/stm32f4xx_hal_gpio.o
 .debug_ranges  0x0000000000000318      0x138 ./Drivers/STM32F4xx_HAL_Driver/Src/stm32f4xx_hal_pcd.o
 .debug_ranges  0x0000000000000450       0x28 ./Drivers/STM32F4xx_HAL_Driver/Src/stm32f4xx_hal_pcd_ex.o
 .debug_ranges  0x0000000000000478       0x78 ./Drivers/STM32F4xx_HAL_Driver/Src/stm32f4xx_hal_rcc.o
 .debug_ranges  0x00000000000004f0      0x220 ./Drivers/STM32F4xx_HAL_Driver/Src/stm32f4xx_hal_uart.o
 .debug_ranges  0x0000000000000710      0x190 ./Drivers/STM32F4xx_HAL_Driver/Src/stm32f4xx_ll_usb.o
 .debug_ranges  0x00000000000008a0       0x80 ./Middlewares/ST/STM32_USB_Device_Library/Class/CDC/Src/usbd_cdc.o
 .debug_ranges  0x0000000000000920       0xc8 ./Middlewares/ST/STM32_USB_Device_Library/Core/Src/usbd_core.o
 .debug_ranges  0x00000000000009e8       0x80 ./Middlewares/ST/STM32_USB_Device_Library/Core/Src/usbd_ctlreq.o
 .debug_ranges  0x0000000000000a68       0x40 ./Middlewares/ST/STM32_USB_Device_Library/Core/Src/usbd_ioreq.o
 .debug_ranges  0x0000000000000aa8       0x10 ./USB_DEVICE/App/usb_device.o
 .debug_ranges  0x0000000000000ab8       0x40 ./USB_DEVICE/App/usbd_cdc_if.o
 .debug_ranges  0x0000000000000af8       0x50 ./USB_DEVICE/App/usbd_desc.o
 .debug_ranges  0x0000000000000b48      0x100 ./USB_DEVICE/Target/usbd_conf.o

.debug_macro    0x0000000000000000    0x17bb3
 .debug_macro   0x0000000000000000      0x422 ./Core/Src/main.o
 .debug_macro   0x0000000000000422      0x29b ./Core/Src/main.o
 .debug_macro   0x00000000000006bd       0x2e ./Core/Src/main.o
 .debug_macro   0x00000000000006eb       0x28 ./Core/Src/main.o
 .debug_macro   0x0000000000000713       0x22 ./Core/Src/main.o
 .debug_macro   0x0000000000000735       0x8e ./Core/Src/main.o
 .debug_macro   0x00000000000007c3       0x51 ./Core/Src/main.o
 .debug_macro   0x0000000000000814      0x103 ./Core/Src/main.o
 .debug_macro   0x0000000000000917       0x6a ./Core/Src/main.o
 .debug_macro   0x0000000000000981      0x1df ./Core/Src/main.o
 .debug_macro   0x0000000000000b60       0x1c ./Core/Src/main.o
 .debug_macro   0x0000000000000b7c       0x22 ./Core/Src/main.o
 .debug_macro   0x0000000000000b9e       0xd9 ./Core/Src/main.o
 .debug_macro   0x0000000000000c77     0x102d ./Core/Src/main.o
 .debug_macro   0x0000000000001ca4      0x11f ./Core/Src/main.o
 .debug_macro   0x0000000000001dc3     0xb86c ./Core/Src/main.o
 .debug_macro   0x000000000000d62f       0x6d ./Core/Src/main.o
 .debug_macro   0x000000000000d69c     0x367e ./Core/Src/main.o
 .debug_macro   0x0000000000010d1a      0x174 ./Core/Src/main.o
 .debug_macro   0x0000000000010e8e       0x5c ./Core/Src/main.o
 .debug_macro   0x0000000000010eea      0x416 ./Core/Src/main.o
 .debug_macro   0x0000000000011300      0x9fe ./Core/Src/main.o
 .debug_macro   0x0000000000011cfe      0x115 ./Core/Src/main.o
 .debug_macro   0x0000000000011e13       0xf8 ./Core/Src/main.o
 .debug_macro   0x0000000000011f0b       0xa5 ./Core/Src/main.o
 .debug_macro   0x0000000000011fb0      0x15f ./Core/Src/main.o
 .debug_macro   0x000000000001210f      0x287 ./Core/Src/main.o
 .debug_macro   0x0000000000012396       0x5f ./Core/Src/main.o
 .debug_macro   0x00000000000123f5      0x236 ./Core/Src/main.o
 .debug_macro   0x000000000001262b      0x132 ./Core/Src/main.o
 .debug_macro   0x000000000001275d      0x264 ./Core/Src/main.o
 .debug_macro   0x00000000000129c1       0x2e ./Core/Src/main.o
 .debug_macro   0x00000000000129ef      0x11a ./Core/Src/main.o
 .debug_macro   0x0000000000012b09       0x85 ./Core/Src/main.o
 .debug_macro   0x0000000000012b8e       0x89 ./Core/Src/main.o
 .debug_macro   0x0000000000012c17      0x295 ./Core/Src/main.o
 .debug_macro   0x0000000000012eac      0x248 ./Core/Src/main.o
 .debug_macro   0x00000000000130f4       0xba ./Core/Src/main.o
 .debug_macro   0x00000000000131ae      0x126 ./Core/Src/main.o
 .debug_macro   0x00000000000132d4       0x58 ./Core/Src/main.o
 .debug_macro   0x000000000001332c       0x52 ./Core/Src/main.o
 .debug_macro   0x000000000001337e       0x1e ./Core/Src/main.o
 .debug_macro   0x000000000001339c       0x3c ./Core/Src/main.o
 .debug_macro   0x00000000000133d8       0x34 ./Core/Src/main.o
 .debug_macro   0x000000000001340c       0x16 ./Core/Src/main.o
 .debug_macro   0x0000000000013422       0x35 ./Core/Src/main.o
 .debug_macro   0x0000000000013457      0x341 ./Core/Src/main.o
 .debug_macro   0x0000000000013798       0x10 ./Core/Src/main.o
 .debug_macro   0x00000000000137a8       0x16 ./Core/Src/main.o
 .debug_macro   0x00000000000137be       0x43 ./Core/Src/main.o
 .debug_macro   0x0000000000013801       0x34 ./Core/Src/main.o
 .debug_macro   0x0000000000013835       0x10 ./Core/Src/main.o
 .debug_macro   0x0000000000013845       0x58 ./Core/Src/main.o
 .debug_macro   0x000000000001389d       0x71 ./Core/Src/main.o
 .debug_macro   0x000000000001390e       0x1c ./Core/Src/main.o
 .debug_macro   0x000000000001392a      0x12a ./Core/Src/main.o
 .debug_macro   0x0000000000013a54       0x10 ./Core/Src/main.o
 .debug_macro   0x0000000000013a64       0x1c ./Core/Src/main.o
 .debug_macro   0x0000000000013a80       0x52 ./Core/Src/main.o
 .debug_macro   0x0000000000013ad2       0x22 ./Core/Src/main.o
 .debug_macro   0x0000000000013af4       0x10 ./Core/Src/main.o
 .debug_macro   0x0000000000013b04       0x52 ./Core/Src/main.o
 .debug_macro   0x0000000000013b56       0xd5 ./Core/Src/main.o
 .debug_macro   0x0000000000013c2b       0x1c ./Core/Src/main.o
 .debug_macro   0x0000000000013c47       0x3d ./Core/Src/main.o
 .debug_macro   0x0000000000013c84       0x16 ./Core/Src/main.o
 .debug_macro   0x0000000000013c9a      0x145 ./Core/Src/main.o
 .debug_macro   0x0000000000013ddf       0x16 ./Core/Src/main.o
 .debug_macro   0x0000000000013df5       0x16 ./Core/Src/main.o
 .debug_macro   0x0000000000013e0b       0x29 ./Core/Src/main.o
 .debug_macro   0x0000000000013e34       0x16 ./Core/Src/main.o
 .debug_macro   0x0000000000013e4a       0x20 ./Core/Src/main.o
 .debug_macro   0x0000000000013e6a       0x65 ./Core/Src/main.o
 .debug_macro   0x0000000000013ecf      0x20f ./Core/Src/main.o
 .debug_macro   0x00000000000140de       0x95 ./Core/Src/main.o
 .debug_macro   0x0000000000014173       0x10 ./Core/Src/main.o
 .debug_macro   0x0000000000014183      0x1ed ./Core/Src/stm32f4xx_hal_msp.o
 .debug_macro   0x0000000000014370      0x1f7 ./Core/Src/stm32f4xx_it.o
 .debug_macro   0x0000000000014567      0x1de ./Core/Src/system_stm32f4xx.o
 .debug_macro   0x0000000000014745      0x23e ./Drivers/STM32F4xx_HAL_Driver/Src/stm32f4xx_hal.o
 .debug_macro   0x0000000000014983      0x1de ./Drivers/STM32F4xx_HAL_Driver/Src/stm32f4xx_hal_cortex.o
 .debug_macro   0x0000000000014b61      0x1e4 ./Drivers/STM32F4xx_HAL_Driver/Src/stm32f4xx_hal_gpio.o
 .debug_macro   0x0000000000014d45      0x1ea ./Drivers/STM32F4xx_HAL_Driver/Src/stm32f4xx_hal_pcd.o
 .debug_macro   0x0000000000014f2f      0x1de ./Drivers/STM32F4xx_HAL_Driver/Src/stm32f4xx_hal_pcd_ex.o
 .debug_macro   0x000000000001510d      0x202 ./Drivers/STM32F4xx_HAL_Driver/Src/stm32f4xx_hal_rcc.o
 .debug_macro   0x000000000001530f      0x1df ./Drivers/STM32F4xx_HAL_Driver/Src/stm32f4xx_hal_uart.o
 .debug_macro   0x00000000000154ee      0x1de ./Drivers/STM32F4xx_HAL_Driver/Src/stm32f4xx_ll_usb.o
 .debug_macro   0x00000000000156cc      0x403 ./Middlewares/ST/STM32_USB_Device_Library/Class/CDC/Src/usbd_cdc.o
 .debug_macro   0x0000000000015acf       0x97 ./Middlewares/ST/STM32_USB_Device_Library/Class/CDC/Src/usbd_cdc.o
 .debug_macro   0x0000000000015b66       0xfd ./Middlewares/ST/STM32_USB_Device_Library/Class/CDC/Src/usbd_cdc.o
 .debug_macro   0x0000000000015c63       0x56 ./Middlewares/ST/STM32_USB_Device_Library/Class/CDC/Src/usbd_cdc.o
 .debug_macro   0x0000000000015cb9      0x3ea ./Middlewares/ST/STM32_USB_Device_Library/Core/Src/usbd_core.o
 .debug_macro   0x00000000000160a3      0x215 ./Middlewares/ST/STM32_USB_Device_Library/Core/Src/usbd_core.o
 .debug_macro   0x00000000000162b8      0x3f4 ./Middlewares/ST/STM32_USB_Device_Library/Core/Src/usbd_ctlreq.o
 .debug_macro   0x00000000000166ac      0x3f0 ./Middlewares/ST/STM32_USB_Device_Library/Core/Src/usbd_ioreq.o
 .debug_macro   0x0000000000016a9c      0x423 ./USB_DEVICE/App/usb_device.o
 .debug_macro   0x0000000000016ebf       0x5e ./USB_DEVICE/App/usb_device.o
 .debug_macro   0x0000000000016f1d       0x22 ./USB_DEVICE/App/usb_device.o
 .debug_macro   0x0000000000016f3f       0x16 ./USB_DEVICE/App/usb_device.o
 .debug_macro   0x0000000000016f55      0x40e ./USB_DEVICE/App/usbd_cdc_if.o
 .debug_macro   0x0000000000017363      0x42d ./USB_DEVICE/App/usbd_desc.o
 .debug_macro   0x0000000000017790       0x1c ./USB_DEVICE/App/usbd_desc.o
 .debug_macro   0x00000000000177ac      0x407 ./USB_DEVICE/Target/usbd_conf.o

.debug_line     0x0000000000000000    0x11978
 .debug_line    0x0000000000000000      0xb25 ./Core/Src/main.o
 .debug_line    0x0000000000000b25      0x727 ./Core/Src/stm32f4xx_hal_msp.o
 .debug_line    0x000000000000124c      0x7b4 ./Core/Src/stm32f4xx_it.o
 .debug_line    0x0000000000001a00      0x75b ./Core/Src/system_stm32f4xx.o
 .debug_line    0x000000000000215b       0x88 ./Core/Startup/startup_stm32f401retx.o
 .debug_line    0x00000000000021e3      0x9c1 ./Drivers/STM32F4xx_HAL_Driver/Src/stm32f4xx_hal.o
 .debug_line    0x0000000000002ba4      0xc70 ./Drivers/STM32F4xx_HAL_Driver/Src/stm32f4xx_hal_cortex.o
 .debug_line    0x0000000000003814      0xaf9 ./Drivers/STM32F4xx_HAL_Driver/Src/stm32f4xx_hal_gpio.o
 .debug_line    0x000000000000430d     0x1464 ./Drivers/STM32F4xx_HAL_Driver/Src/stm32f4xx_hal_pcd.o
 .debug_line    0x0000000000005771      0x7a4 ./Drivers/STM32F4xx_HAL_Driver/Src/stm32f4xx_hal_pcd_ex.o
 .debug_line    0x0000000000005f15      0xd3d ./Drivers/STM32F4xx_HAL_Driver/Src/stm32f4xx_hal_rcc.o
 .debug_line    0x0000000000006c52     0x2a66 ./Drivers/STM32F4xx_HAL_Driver/Src/stm32f4xx_hal_uart.o
 .debug_line    0x00000000000096b8     0x1a7e ./Drivers/STM32F4xx_HAL_Driver/Src/stm32f4xx_ll_usb.o
 .debug_line    0x000000000000b136      0xeee ./Middlewares/ST/STM32_USB_Device_Library/Class/CDC/Src/usbd_cdc.o
 .debug_line    0x000000000000c024      0xf68 ./Middlewares/ST/STM32_USB_Device_Library/Core/Src/usbd_core.o
 .debug_line    0x000000000000cf8c     0x1139 ./Middlewares/ST/STM32_USB_Device_Library/Core/Src/usbd_ctlreq.o
 .debug_line    0x000000000000e0c5      0xa80 ./Middlewares/ST/STM32_USB_Device_Library/Core/Src/usbd_ioreq.o
 .debug_line    0x000000000000eb45      0xa3c ./USB_DEVICE/App/usb_device.o
 .debug_line    0x000000000000f581      0xac6 ./USB_DEVICE/App/usbd_cdc_if.o
 .debug_line    0x0000000000010047      0xb05 ./USB_DEVICE/App/usbd_desc.o
 .debug_line    0x0000000000010b4c      0xe2c ./USB_DEVICE/Target/usbd_conf.o

.debug_str      0x0000000000000000    0x88c0d
 .debug_str     0x0000000000000000    0x85249 ./Core/Src/main.o
                                      0x85585 (size before relaxing)
 .debug_str     0x0000000000085249       0x83 ./Core/Src/stm32f4xx_hal_msp.o
                                      0x806f5 (size before relaxing)
 .debug_str     0x00000000000852cc      0x443 ./Core/Src/stm32f4xx_it.o
                                      0x8056b (size before relaxing)
 .debug_str     0x000000000008570f       0xdb ./Core/Src/system_stm32f4xx.o
                                      0x8016b (size before relaxing)
 .debug_str     0x00000000000857ea       0x36 ./Core/Startup/startup_stm32f401retx.o
                                         0x74 (size before relaxing)
 .debug_str     0x0000000000085820      0x991 ./Drivers/STM32F4xx_HAL_Driver/Src/stm32f4xx_hal.o
                                      0x80b8d (size before relaxing)
 .debug_str     0x00000000000861b1      0x34d ./Drivers/STM32F4xx_HAL_Driver/Src/stm32f4xx_hal_cortex.o
                                      0x808ae (size before relaxing)
 .debug_str     0x00000000000864fe      0x121 ./Drivers/STM32F4xx_HAL_Driver/Src/stm32f4xx_hal_gpio.o
                                      0x802e6 (size before relaxing)
 .debug_str     0x000000000008661f      0x832 ./Drivers/STM32F4xx_HAL_Driver/Src/stm32f4xx_hal_pcd.o
                                      0x80c1b (size before relaxing)
 .debug_str     0x0000000000086e51      0x115 ./Drivers/STM32F4xx_HAL_Driver/Src/stm32f4xx_hal_pcd_ex.o
                                      0x8050a (size before relaxing)
 .debug_str     0x0000000000086f66      0x21f ./Drivers/STM32F4xx_HAL_Driver/Src/stm32f4xx_hal_rcc.o
                                      0x8059f (size before relaxing)
 .debug_str     0x0000000000087185      0x644 ./Drivers/STM32F4xx_HAL_Driver/Src/stm32f4xx_hal_uart.o
                                      0x80b2c (size before relaxing)
 .debug_str     0x00000000000877c9      0x444 ./Drivers/STM32F4xx_HAL_Driver/Src/stm32f4xx_ll_usb.o
                                      0x80a83 (size before relaxing)
 .debug_str     0x0000000000087c0d      0x6e1 ./Middlewares/ST/STM32_USB_Device_Library/Class/CDC/Src/usbd_cdc.o
                                      0x85891 (size before relaxing)
 .debug_str     0x00000000000882ee      0x35c ./Middlewares/ST/STM32_USB_Device_Library/Core/Src/usbd_core.o
                                      0x85207 (size before relaxing)
 .debug_str     0x000000000008864a      0x139 ./Middlewares/ST/STM32_USB_Device_Library/Core/Src/usbd_ctlreq.o
                                      0x85032 (size before relaxing)
 .debug_str     0x0000000000088783       0x51 ./Middlewares/ST/STM32_USB_Device_Library/Core/Src/usbd_ioreq.o
                                      0x84f07 (size before relaxing)
 .debug_str     0x00000000000887d4       0xc6 ./USB_DEVICE/App/usb_device.o
                                      0x852ba (size before relaxing)
 .debug_str     0x000000000008889a       0x92 ./USB_DEVICE/App/usbd_cdc_if.o
                                      0x85333 (size before relaxing)
 .debug_str     0x000000000008892c      0x26e ./USB_DEVICE/App/usbd_desc.o
                                      0x84e07 (size before relaxing)
 .debug_str     0x0000000000088b9a       0x73 ./USB_DEVICE/Target/usbd_conf.o
                                      0x85f8f (size before relaxing)

.comment        0x0000000000000000       0x50
 .comment       0x0000000000000000       0x50 ./Core/Src/main.o
                                         0x51 (size before relaxing)
 .comment       0x0000000000000050       0x51 ./Core/Src/stm32f4xx_hal_msp.o
 .comment       0x0000000000000050       0x51 ./Core/Src/stm32f4xx_it.o
 .comment       0x0000000000000050       0x51 ./Core/Src/system_stm32f4xx.o
 .comment       0x0000000000000050       0x51 ./Drivers/STM32F4xx_HAL_Driver/Src/stm32f4xx_hal.o
 .comment       0x0000000000000050       0x51 ./Drivers/STM32F4xx_HAL_Driver/Src/stm32f4xx_hal_cortex.o
 .comment       0x0000000000000050       0x51 ./Drivers/STM32F4xx_HAL_Driver/Src/stm32f4xx_hal_gpio.o
 .comment       0x0000000000000050       0x51 ./Drivers/STM32F4xx_HAL_Driver/Src/stm32f4xx_hal_pcd.o
 .comment       0x0000000000000050       0x51 ./Drivers/STM32F4xx_HAL_Driver/Src/stm32f4xx_hal_pcd_ex.o
 .comment       0x0000000000000050       0x51 ./Drivers/STM32F4xx_HAL_Driver/Src/stm32f4xx_hal_rcc.o
 .comment       0x0000000000000050       0x51 ./Drivers/STM32F4xx_HAL_Driver/Src/stm32f4xx_hal_uart.o
 .comment       0x0000000000000050       0x51 ./Drivers/STM32F4xx_HAL_Driver/Src/stm32f4xx_ll_usb.o
 .comment       0x0000000000000050       0x51 ./Middlewares/ST/STM32_USB_Device_Library/Class/CDC/Src/usbd_cdc.o
 .comment       0x0000000000000050       0x51 ./Middlewares/ST/STM32_USB_Device_Library/Core/Src/usbd_core.o
 .comment       0x0000000000000050       0x51 ./Middlewares/ST/STM32_USB_Device_Library/Core/Src/usbd_ctlreq.o
 .comment       0x0000000000000050       0x51 ./Middlewares/ST/STM32_USB_Device_Library/Core/Src/usbd_ioreq.o
 .comment       0x0000000000000050       0x51 ./USB_DEVICE/App/usb_device.o
 .comment       0x0000000000000050       0x51 ./USB_DEVICE/App/usbd_cdc_if.o
 .comment       0x0000000000000050       0x51 ./USB_DEVICE/App/usbd_desc.o
 .comment       0x0000000000000050       0x51 ./USB_DEVICE/Target/usbd_conf.o

.debug_frame    0x0000000000000000     0x3668
 .debug_frame   0x0000000000000000       0xd4 ./Core/Src/main.o
 .debug_frame   0x00000000000000d4       0x7c ./Core/Src/stm32f4xx_hal_msp.o
 .debug_frame   0x0000000000000150      0x120 ./Core/Src/stm32f4xx_it.o
 .debug_frame   0x0000000000000270       0x58 ./Core/Src/system_stm32f4xx.o
 .debug_frame   0x00000000000002c8      0x374 ./Drivers/STM32F4xx_HAL_Driver/Src/stm32f4xx_hal.o
 .debug_frame   0x000000000000063c      0x498 ./Drivers/STM32F4xx_HAL_Driver/Src/stm32f4xx_hal_cortex.o
 .debug_frame   0x0000000000000ad4      0x14c ./Drivers/STM32F4xx_HAL_Driver/Src/stm32f4xx_hal_gpio.o
 .debug_frame   0x0000000000000c20      0x5bc ./Drivers/STM32F4xx_HAL_Driver/Src/stm32f4xx_hal_pcd.o
 .debug_frame   0x00000000000011dc       0xb0 ./Drivers/STM32F4xx_HAL_Driver/Src/stm32f4xx_hal_pcd_ex.o
 .debug_frame   0x000000000000128c      0x1f4 ./Drivers/STM32F4xx_HAL_Driver/Src/stm32f4xx_hal_rcc.o
 .debug_frame   0x0000000000001480      0x92c ./Drivers/STM32F4xx_HAL_Driver/Src/stm32f4xx_hal_uart.o
 .debug_frame   0x0000000000001dac      0x7c0 ./Drivers/STM32F4xx_HAL_Driver/Src/stm32f4xx_ll_usb.o
 .debug_frame   0x000000000000256c      0x23c ./Middlewares/ST/STM32_USB_Device_Library/Class/CDC/Src/usbd_cdc.o
 .debug_frame   0x00000000000027a8      0x390 ./Middlewares/ST/STM32_USB_Device_Library/Core/Src/usbd_core.o
 .debug_frame   0x0000000000002b38      0x23c ./Middlewares/ST/STM32_USB_Device_Library/Core/Src/usbd_ctlreq.o
 .debug_frame   0x0000000000002d74      0x10c ./Middlewares/ST/STM32_USB_Device_Library/Core/Src/usbd_ioreq.o
 .debug_frame   0x0000000000002e80       0x2c ./USB_DEVICE/App/usb_device.o
 .debug_frame   0x0000000000002eac      0x10c ./USB_DEVICE/App/usbd_cdc_if.o
 .debug_frame   0x0000000000002fb8      0x160 ./USB_DEVICE/App/usbd_desc.o
 .debug_frame   0x0000000000003118      0x47c ./USB_DEVICE/Target/usbd_conf.o
 .debug_frame   0x0000000000003594       0x2c c:/st/stm32cubeide_1.11.2/stm32cubeide/plugins/com.st.stm32cube.ide.mcu.externaltools.gnu-tools-for-stm32.10.3-2021.10.win32_1.0.100.202210260954/tools/bin/../lib/gcc/arm-none-eabi/10.3.1/../../../../arm-none-eabi/lib/thumb/v7e-m+fp/hard\libc_nano.a(lib_a-init.o)
 .debug_frame   0x00000000000035c0       0x28 c:/st/stm32cubeide_1.11.2/stm32cubeide/plugins/com.st.stm32cube.ide.mcu.externaltools.gnu-tools-for-stm32.10.3-2021.10.win32_1.0.100.202210260954/tools/bin/../lib/gcc/arm-none-eabi/10.3.1/../../../../arm-none-eabi/lib/thumb/v7e-m+fp/hard\libc_nano.a(lib_a-memcpy-stub.o)
 .debug_frame   0x00000000000035e8       0x20 c:/st/stm32cubeide_1.11.2/stm32cubeide/plugins/com.st.stm32cube.ide.mcu.externaltools.gnu-tools-for-stm32.10.3-2021.10.win32_1.0.100.202210260954/tools/bin/../lib/gcc/arm-none-eabi/10.3.1/../../../../arm-none-eabi/lib/thumb/v7e-m+fp/hard\libc_nano.a(lib_a-memset.o)
 .debug_frame   0x0000000000003608       0x2c c:/st/stm32cubeide_1.11.2/stm32cubeide/plugins/com.st.stm32cube.ide.mcu.externaltools.gnu-tools-for-stm32.10.3-2021.10.win32_1.0.100.202210260954/tools/bin/../lib/gcc/arm-none-eabi/10.3.1/thumb/v7e-m+fp/hard\libgcc.a(_aeabi_uldivmod.o)
 .debug_frame   0x0000000000003634       0x34 c:/st/stm32cubeide_1.11.2/stm32cubeide/plugins/com.st.stm32cube.ide.mcu.externaltools.gnu-tools-for-stm32.10.3-2021.10.win32_1.0.100.202210260954/tools/bin/../lib/gcc/arm-none-eabi/10.3.1/thumb/v7e-m+fp/hard\libgcc.a(_udivmoddi4.o)
